Microchip MPLAB XC8 Compiler V2.20

Linker command line:

-W-3 --edf=/opt/microchip/xc8/v2.20/pic/dat/en_msgs.txt -cn \
  -h+dist/default/production/A13.X.production.sym \
  --cmf=dist/default/production/A13.X.production.cmf -z -Q16F877A \
  -o/tmp/xcXfLAbba --defsym=__MPLAB_BUILD=1 \
  -Mdist/default/production/A13.X.production.map -E1 -ver=XC8 Compiler \
  --acfsm=1493 -ASTACK=0110h-016Fh -pstack=STACK -ACODE=00h-07FFhx4 \
  -ASTRCODE=00h-01FFFh -ASTRING=00h-0FFhx32 -ACONST=00h-0FFhx32 \
  -AENTRY=00h-0FFhx32 -ACOMMON=070h-07Fh -ABANK0=020h-06Fh \
  -ABANK1=0A0h-0EFh -ABANK2=0110h-016Fh -ABANK3=0190h-01EFh \
  -ARAM=020h-06Fh,0A0h-0EFh,0110h-016Fh,0190h-01EFh \
  -AABS1=020h-07Fh,0A0h-0EFh,0110h-016Fh,0190h-01EFh -ASFR0=00h-01Fh \
  -ASFR1=080h-09Fh -ASFR2=0100h-010Fh -ASFR3=0180h-018Fh \
  -ACONFIG=02007h-02007h -DCONFIG=2 -AIDLOC=02000h-02003h -DIDLOC=2 \
  -preset_vec=00h,intentry,init,end_init -ppowerup=CODE -pcinit=CODE \
  -pfunctab=ENTRY -AEEDATA=00h-0FFh/02100h -peeprom_data=EEDATA -DEEDATA=2 \
  -DCODE=2 -DSTRCODE=2 -DSTRING=2 -DCONST=2 -DENTRY=2 -k /tmp/xcXGcDEfC.o \
  dist/default/production/A13.X.production.o 

Object code version is 3.11

Machine type is 16F877A



                Name                               Link     Load   Length Selector   Space Scale
/tmp/xcXGcDEfC.o
                end_init                              0        0        3        0       0
                config                             2007     2007        1        0       4
dist/default/production/A13.X.production.o
                cinit                               7E8      7E8       18      FD0       0
                config                             2007     2007        1        0       4
                text10                              4B6      4B6       68      96C       0
                text9                               40C      40C       54      818       0
                text8                               38C      38C       25      718       0
                text7                               460      460       56      8C0       0
                text6                               375      375       17      6EA       0
                text5                               3DB      3DB       31      7B6       0
                text4                               337      337        6      66E       0
                text3                               348      348        C      690       0
                text2                               33D      33D        B      67A       0
                text1                               3B1      3B1       2A      762       0
                maintext                            51E      51E      2CA      A3C       0
                cstackBANK0                          20       20       2F       20       1
                cstackCOMMON                         70       70        C       70       1
                inittext                            362      362       13      6C4       0
                dataBANK0                            4F       4F        E       20       1
                dataCOMMON                           7C       7C        1       70       1
                idataBANK0                          354      354        E      6A8       0
                idataCOMMON                         336      336        1      66C       0

TOTAL           Name                               Link     Load   Length     Space
        CLASS   STACK          

        CLASS   CODE           
                end_init                              0        0        3         0
                cinit                               7E8      7E8       18         0
                text10                              4B6      4B6       68         0
                text9                               40C      40C       54         0
                text8                               38C      38C       25         0
                text7                               460      460       56         0
                text6                               375      375       17         0
                text5                               3DB      3DB       31         0
                text4                               337      337        6         0
                text3                               348      348        C         0
                text2                               33D      33D        B         0
                text1                               3B1      3B1       2A         0
                maintext                            51E      51E      2CA         0
                inittext                            362      362       13         0
                idataBANK0                          354      354        E         0
                idataCOMMON                         336      336        1         0

        CLASS   STRCODE        

        CLASS   STRING         

        CLASS   CONST          

        CLASS   ENTRY          

        CLASS   COMMON         
                cstackCOMMON                         70       70        C         1
                dataCOMMON                           7C       7C        1         1

        CLASS   BANK0          
                cstackBANK0                          20       20       2F         1
                dataBANK0                            4F       4F        E         1

        CLASS   BANK1          

        CLASS   BANK2          

        CLASS   BANK3          

        CLASS   RAM            

        CLASS   ABS1           
                abs_s1                               7E       7E        2         1

        CLASS   SFR0           

        CLASS   SFR1           

        CLASS   SFR2           

        CLASS   SFR3           

        CLASS   CONFIG         
                config                             2007     2007        1         4

        CLASS   IDLOC          

        CLASS   EEDATA         



SEGMENTS        Name                           Load    Length   Top    Selector   Space  Class     Delta

                text6                          000375  000017  00038C       6EA       0  CODE        2
                inittext                       000362  000013  000375       6C4       0  CODE        2
                reset_vec                      000000  000003  000003         0       0  CODE        2
                text8                          00038C  000025  0003B1       718       0  CODE        2
                idataBANK0                     000354  00000E  000362       6A8       0  CODE        2
                text3                          000348  00000C  000354       690       0  CODE        2
                text1                          0003B1  00002A  0003DB       762       0  CODE        2
                text5                          0003DB  000031  00040C       7B6       0  CODE        2
                text4                          000337  000006  00033D       66E       0  CODE        2
                idataCOMMON                    000336  000001  000337       66C       0  CODE        2
                text2                          00033D  00000B  000348       67A       0  CODE        2
                cstackBANK0                    000020  00003D  00005D        20       1  BANK0       1
                cinit                          0007E8  000018  000800       FD0       0  CODE        2
                cstackCOMMON                   000070  00000D  00007D        70       1  COMMON      1
                text7                          000460  000056  0004B6       8C0       0  CODE        2
                text9                          00040C  000054  000460       818       0  CODE        2
                text10                         0004B6  000068  00051E       96C       0  CODE        2
                maintext                       00051E  0002CA  0007E8       A3C       0  CODE        2


UNUSED ADDRESS RANGES

        Name                Unused          Largest block    Delta
        BANK0            005D-006F             13           1
        BANK1            00A0-00EF             50           1
        BANK2            0110-016F             60           1
        BANK3            0190-01EF             60           1
        CODE             0003-0335            333           2
                         0800-1FFF            800
        COMMON           007D-007D              1           1
        CONST            0003-0335            100           2
                         0800-1FFF            100
        EEDATA           2100-21FF            100           2
        ENTRY            0003-0335            100           2
                         0800-1FFF            100
        IDLOC            2000-2003              4           2
        RAM              005D-006F             13           1
                         00A0-00EF             50
                         0110-016F             60
                         0190-01EF             60
        SFR0             0000-001F             20           1
        SFR1             0080-009F             20           1
        SFR2             0100-010F             10           1
        SFR3             0180-018F             10           1
        STACK            0110-016F             60           1
        STRCODE          0003-0335            333           2
                         0800-1FFF           1800
        STRING           0003-0335            100           2
                         0800-1FFF            100

                                  Symbol Table

?___lldiv                     cstackBANK0  0020
?___llmod                     cstackCOMMON 0070
?___wmul                      cstackCOMMON 0071
_EEADR                        (abs)        010D
_EECON1                       (abs)        018C
_EECON1bits                   (abs)        018C
_EECON2                       (abs)        018D
_EEDATA                       (abs)        010C
_INTCONbits                   (abs)        000B
_PORTA                        (abs)        0005
_PORTB                        (abs)        0006
_PORTD                        (abs)        0008
_STATUSbits                   (abs)        0003
_TRISA                        (abs)        0085
_TRISB                        (abs)        0086
_TRISD                        (abs)        0088
__Habs1                       abs1         0000
__Hbank0                      bank0        0000
__Hbank1                      bank1        0000
__Hbank2                      bank2        0000
__Hbank3                      bank3        0000
__Hcinit                      cinit        0800
__Hclrtext                    clrtext      0000
__Hcode                       code         0000
__Hcommon                     common       0000
__Hconfig                     config       2008
__HcstackBANK0                cstackBANK0  0000
__HcstackCOMMON               cstackCOMMON 0000
__HdataBANK0                  dataBANK0    0000
__HdataCOMMON                 dataCOMMON   0000
__Heeprom_data                eeprom_data  0000
__Hend_init                   end_init     0003
__Hfunctab                    functab      0000
__HidataBANK0                 idataBANK0   0000
__HidataCOMMON                idataCOMMON  0000
__Hinit                       init         0000
__Hinittext                   inittext     0000
__Hintentry                   intentry     0000
__Hmaintext                   maintext     0000
__Hpowerup                    powerup      0000
__Hram                        ram          0000
__Hreset_vec                  reset_vec    0000
__Hsfr0                       sfr0         0000
__Hsfr1                       sfr1         0000
__Hsfr2                       sfr2         0000
__Hsfr3                       sfr3         0000
__Hspace_0                    (abs)        0800
__Hspace_1                    (abs)        007D
__Hspace_2                    (abs)        0000
__Hspace_3                    (abs)        0000
__Hspace_4                    (abs)        400F
__Hstack                      stack        0000
__Hstrings                    strings      0000
__Htext                       text         0000
__Labs1                       abs1         0000
__Lbank0                      bank0        0000
__Lbank1                      bank1        0000
__Lbank2                      bank2        0000
__Lbank3                      bank3        0000
__Lcinit                      cinit        07E8
__Lclrtext                    clrtext      0000
__Lcode                       code         0000
__Lcommon                     common       0000
__Lconfig                     config       0000
__LcstackBANK0                cstackBANK0  0000
__LcstackCOMMON               cstackCOMMON 0000
__LdataBANK0                  dataBANK0    0000
__LdataCOMMON                 dataCOMMON   0000
__Leeprom_data                eeprom_data  0000
__Lend_init                   end_init     0000
__Lfunctab                    functab      0000
__LidataBANK0                 idataBANK0   0000
__LidataCOMMON                idataCOMMON  0000
__Linit                       init         0000
__Linittext                   inittext     0000
__Lintentry                   intentry     0000
__Lmaintext                   maintext     0000
__Lpowerup                    powerup      0000
__Lram                        ram          0000
__Lreset_vec                  reset_vec    0000
__Lsfr0                       sfr0         0000
__Lsfr1                       sfr1         0000
__Lsfr2                       sfr2         0000
__Lsfr3                       sfr3         0000
__Lspace_0                    (abs)        0000
__Lspace_1                    (abs)        0000
__Lspace_2                    (abs)        0000
__Lspace_3                    (abs)        0000
__Lspace_4                    (abs)        0000
__Lstack                      stack        0000
__Lstrings                    strings      0000
__Ltext                       text         0000
__S0                          (abs)        0800
__S1                          (abs)        007D
__S2                          (abs)        0000
__S3                          (abs)        0000
___int_sp                     stack        0000
___latbits                    (abs)        0002
___lldiv                      text10       04B6
___lldiv@counter              cstackBANK0  002C
___lldiv@dividend             cstackBANK0  0024
___lldiv@divisor              cstackBANK0  0020
___lldiv@quotient             cstackBANK0  0028
___llmod                      text9        040C
___llmod@counter              cstackCOMMON 0079
___llmod@dividend             cstackCOMMON 0074
___llmod@divisor              cstackCOMMON 0070
___sp                         stack        0000
___stackhi                    (abs)        0000
___stacklo                    (abs)        0000
___wmul                       text8        038C
___wmul@multiplicand          cstackCOMMON 0073
___wmul@multiplier            cstackCOMMON 0071
___wmul@product               cstackCOMMON 0075
__end_of___lldiv              text10       051E
__end_of___llmod              text9        0460
__end_of___wmul               text8        03B1
__end_of__initialization      cinit        07FC
__end_of_display              text7        04B6
__end_of_eeprom_read          text6        038C
__end_of_eeprom_write         text5        040C
__end_of_init_config          text2        0348
__end_of_init_digital_keypad  text4        033D
__end_of_init_ssd             text3        0354
__end_of_main                 maintext     07E8
__end_of_read_digital_keypad  text1        03DB
__initialization              cinit        07E8
__pcstackBANK0                cstackBANK0  0020
__pcstackCOMMON               cstackCOMMON 0070
__pdataBANK0                  dataBANK0    004F
__pdataCOMMON                 dataCOMMON   007C
__pidataBANK0                 idataBANK0   0354
__pidataCOMMON                idataCOMMON  0336
__pmaintext                   maintext     051E
__ptext1                      text1        03B1
__ptext10                     text10       04B6
__ptext2                      text2        033D
__ptext3                      text3        0348
__ptext4                      text4        0337
__ptext5                      text5        03DB
__ptext6                      text6        0375
__ptext7                      text7        0460
__ptext8                      text8        038C
__ptext9                      text9        040C
__size_of___lldiv             (abs)        0000
__size_of___llmod             (abs)        0000
__size_of___wmul              (abs)        0000
__size_of_display             (abs)        0000
__size_of_eeprom_read         (abs)        0000
__size_of_eeprom_write        (abs)        0000
__size_of_init_config         (abs)        0000
__size_of_init_digital_keypad (abs)        0000
__size_of_init_ssd            (abs)        0000
__size_of_main                (abs)        0000
__size_of_read_digital_keypad (abs)        0000
_display                      text7        0460
_eeprom_read                  text6        0375
_eeprom_write                 text5        03DB
_init_config                  text2        033D
_init_digital_keypad          text4        0337
_init_ssd                     text3        0348
_main                         maintext     051E
_read_digital_keypad          text1        03B1
btemp                         (abs)        007E
display@data                  cstackCOMMON 0078
display@digit                 cstackCOMMON 0079
display@wait                  cstackCOMMON 0074
eeprom_read@addr              cstackCOMMON 0070
eeprom_write@addr             cstackCOMMON 007B
eeprom_write@value            cstackBANK0  002D
end_of_initialization         cinit        07FC
init_fetch0                   inittext     0362
init_ram0                     inittext     0366
intlevel0                     functab      0000
intlevel1                     functab      0000
intlevel2                     functab      0000
intlevel3                     functab      0000
intlevel4                     functab      0000
intlevel5                     functab      0000
main@F858                     dataBANK0    0059
main@F860                     dataBANK0    004F
main@count                    cstackBANK0  004B
main@delay                    cstackBANK0  0042
main@digit                    cstackBANK0  0038
main@key                      cstackBANK0  004A
main@ssd                      cstackBANK0  0046
read_digital_keypad@mode      cstackCOMMON 0071
read_digital_keypad@once      dataCOMMON   007C
reset_vec                     reset_vec    0000
start                         init         0000
start_initialization          cinit        07E8
wtemp0                        (abs)        007E


FUNCTION INFORMATION:

 *************** function _main *****************
 Defined at:
		line 20 in file "main.c"
 Parameters:    Size  Location     Type
		None
 Auto vars:     Size  Location     Type
  digit          10   24[BANK0 ] unsigned char [10]
  count           4   43[BANK0 ] unsigned long 
  ssd             4   38[BANK0 ] unsigned char [4]
  delay           4   34[BANK0 ] unsigned long 
  key             1   42[BANK0 ] unsigned char 
 Return value:  Size  Location     Type
                  1    wreg      void 
 Registers used:
		wreg, fsr0l, fsr0h, status,2, status,0, btemp+1, pclath, cstack
 Tracked objects:
		On entry : 
		On exit  : 
		Unchanged: 
 Data sizes:     COMMON   BANK0   BANK1   BANK3   BANK2
      Params:         0       0       0       0       0
      Locals:         0      23       0       0       0
      Temps:          0      10       0       0       0
      Totals:         0      33       0       0       0
Total ram usage:       33 bytes
 Hardware stack levels required when called:    2
 This function calls:
		___lldiv
		___llmod
		___wmul
		_display
		_eeprom_read
		_eeprom_write
		_init_config
		_read_digital_keypad
 This function is called by:
		Startup code after reset
 This function uses a non-reentrant model


 *************** function _read_digital_keypad *****************
 Defined at:
		line 19 in file "digital_keypad.c"
 Parameters:    Size  Location     Type
  mode            1    wreg     unsigned char 
 Auto vars:     Size  Location     Type
  mode            1    1[COMMON] unsigned char 
 Return value:  Size  Location     Type
                  1    wreg      unsigned char 
 Registers used:
		wreg, status,2, status,0
 Tracked objects:
		On entry : 
		On exit  : 
		Unchanged: 
 Data sizes:     COMMON   BANK0   BANK1   BANK3   BANK2
      Params:         0       0       0       0       0
      Locals:         1       0       0       0       0
      Temps:          1       0       0       0       0
      Totals:         2       0       0       0       0
Total ram usage:        2 bytes
 Hardware stack levels used:    1
 This function calls:
		Nothing
 This function is called by:
		_main
 This function uses a non-reentrant model


 *************** function _init_config *****************
 Defined at:
		line 15 in file "main.c"
 Parameters:    Size  Location     Type
		None
 Auto vars:     Size  Location     Type
		None
 Return value:  Size  Location     Type
                  1    wreg      void 
 Registers used:
		wreg, status,2, status,0, pclath, cstack
 Tracked objects:
		On entry : 
		On exit  : 
		Unchanged: 
 Data sizes:     COMMON   BANK0   BANK1   BANK3   BANK2
      Params:         0       0       0       0       0
      Locals:         0       0       0       0       0
      Temps:          0       0       0       0       0
      Totals:         0       0       0       0       0
Total ram usage:        0 bytes
 Hardware stack levels used:    1
 Hardware stack levels required when called:    1
 This function calls:
		_init_digital_keypad
		_init_ssd
 This function is called by:
		_main
 This function uses a non-reentrant model


 *************** function _init_ssd *****************
 Defined at:
		line 12 in file "ssd.c"
 Parameters:    Size  Location     Type
		None
 Auto vars:     Size  Location     Type
		None
 Return value:  Size  Location     Type
                  1    wreg      void 
 Registers used:
		wreg, status,2
 Tracked objects:
		On entry : 
		On exit  : 
		Unchanged: 
 Data sizes:     COMMON   BANK0   BANK1   BANK3   BANK2
      Params:         0       0       0       0       0
      Locals:         0       0       0       0       0
      Temps:          0       0       0       0       0
      Totals:         0       0       0       0       0
Total ram usage:        0 bytes
 Hardware stack levels used:    1
 This function calls:
		Nothing
 This function is called by:
		_init_config
 This function uses a non-reentrant model


 *************** function _init_digital_keypad *****************
 Defined at:
		line 13 in file "digital_keypad.c"
 Parameters:    Size  Location     Type
		None
 Auto vars:     Size  Location     Type
		None
 Return value:  Size  Location     Type
                  1    wreg      void 
 Registers used:
		wreg, status,2
 Tracked objects:
		On entry : 
		On exit  : 
		Unchanged: 
 Data sizes:     COMMON   BANK0   BANK1   BANK3   BANK2
      Params:         0       0       0       0       0
      Locals:         0       0       0       0       0
      Temps:          0       0       0       0       0
      Totals:         0       0       0       0       0
Total ram usage:        0 bytes
 Hardware stack levels used:    1
 This function calls:
		Nothing
 This function is called by:
		_init_config
 This function uses a non-reentrant model


 *************** function _eeprom_write *****************
 Defined at:
		line 6 in file "/opt/microchip/xc8/v2.20/pic/sources/c90/pic/__eewrite.c"
 Parameters:    Size  Location     Type
  addr            1    wreg     unsigned char 
  value           1   13[BANK0 ] unsigned char 
 Auto vars:     Size  Location     Type
  addr            1   11[COMMON] unsigned char 
 Return value:  Size  Location     Type
                  1    wreg      void 
 Registers used:
		wreg, status,2, status,0, btemp+1
 Tracked objects:
		On entry : 
		On exit  : 
		Unchanged: 
 Data sizes:     COMMON   BANK0   BANK1   BANK3   BANK2
      Params:         0       1       0       0       0
      Locals:         1       0       0       0       0
      Temps:          0       0       0       0       0
      Totals:         1       1       0       0       0
Total ram usage:        2 bytes
 Hardware stack levels used:    1
 This function calls:
		Nothing
 This function is called by:
		_main
 This function uses a non-reentrant model


 *************** function _eeprom_read *****************
 Defined at:
		line 6 in file "/opt/microchip/xc8/v2.20/pic/sources/c90/pic/__eeread.c"
 Parameters:    Size  Location     Type
  addr            1    wreg     unsigned char 
 Auto vars:     Size  Location     Type
  addr            1    0[COMMON] unsigned char 
 Return value:  Size  Location     Type
                  1    wreg      unsigned char 
 Registers used:
		wreg, status,2, status,0, btemp+1
 Tracked objects:
		On entry : 
		On exit  : 
		Unchanged: 
 Data sizes:     COMMON   BANK0   BANK1   BANK3   BANK2
      Params:         0       0       0       0       0
      Locals:         1       0       0       0       0
      Temps:          0       0       0       0       0
      Totals:         1       0       0       0       0
Total ram usage:        1 bytes
 Hardware stack levels used:    1
 This function calls:
		Nothing
 This function is called by:
		_main
 This function uses a non-reentrant model


 *************** function _display *****************
 Defined at:
		line 24 in file "ssd.c"
 Parameters:    Size  Location     Type
  data            1    wreg     PTR unsigned char 
		 -> main@ssd(4), 
 Auto vars:     Size  Location     Type
  data            1    8[COMMON] PTR unsigned char 
		 -> main@ssd(4), 
  wait            4    4[COMMON] unsigned long 
  digit           1    9[COMMON] unsigned char 
 Return value:  Size  Location     Type
                  1    wreg      void 
 Registers used:
		wreg, fsr0l, fsr0h, status,2, status,0, btemp+1
 Tracked objects:
		On entry : 
		On exit  : 
		Unchanged: 
 Data sizes:     COMMON   BANK0   BANK1   BANK3   BANK2
      Params:         0       0       0       0       0
      Locals:         6       0       0       0       0
      Temps:          4       0       0       0       0
      Totals:        10       0       0       0       0
Total ram usage:       10 bytes
 Hardware stack levels used:    1
 This function calls:
		Nothing
 This function is called by:
		_main
 This function uses a non-reentrant model


 *************** function ___wmul *****************
 Defined at:
		line 15 in file "/opt/microchip/xc8/v2.20/pic/sources/c90/common/Umul16.c"
 Parameters:    Size  Location     Type
  multiplier      2    1[COMMON] unsigned int 
  multiplicand    2    3[COMMON] unsigned int 
 Auto vars:     Size  Location     Type
  product         2    5[COMMON] unsigned int 
 Return value:  Size  Location     Type
                  2    1[COMMON] unsigned int 
 Registers used:
		wreg, status,2, status,0
 Tracked objects:
		On entry : 
		On exit  : 
		Unchanged: 
 Data sizes:     COMMON   BANK0   BANK1   BANK3   BANK2
      Params:         4       0       0       0       0
      Locals:         2       0       0       0       0
      Temps:          0       0       0       0       0
      Totals:         6       0       0       0       0
Total ram usage:        6 bytes
 Hardware stack levels used:    1
 This function calls:
		Nothing
 This function is called by:
		_main
 This function uses a non-reentrant model


 *************** function ___llmod *****************
 Defined at:
		line 5 in file "/opt/microchip/xc8/v2.20/pic/sources/c90/common/llmod.c"
 Parameters:    Size  Location     Type
  divisor         4    0[COMMON] unsigned long 
  dividend        4    4[COMMON] unsigned long 
 Auto vars:     Size  Location     Type
  counter         1    9[COMMON] unsigned char 
 Return value:  Size  Location     Type
                  4    0[COMMON] unsigned long 
 Registers used:
		wreg, status,2, status,0, btemp+1
 Tracked objects:
		On entry : 
		On exit  : 
		Unchanged: 
 Data sizes:     COMMON   BANK0   BANK1   BANK3   BANK2
      Params:         8       0       0       0       0
      Locals:         1       0       0       0       0
      Temps:          1       0       0       0       0
      Totals:        10       0       0       0       0
Total ram usage:       10 bytes
 Hardware stack levels used:    1
 This function calls:
		Nothing
 This function is called by:
		_main
 This function uses a non-reentrant model


 *************** function ___lldiv *****************
 Defined at:
		line 5 in file "/opt/microchip/xc8/v2.20/pic/sources/c90/common/__lldiv.c"
 Parameters:    Size  Location     Type
  divisor         4    0[BANK0 ] unsigned long 
  dividend        4    4[BANK0 ] unsigned long 
 Auto vars:     Size  Location     Type
  quotient        4    8[BANK0 ] unsigned long 
  counter         1   12[BANK0 ] unsigned char 
 Return value:  Size  Location     Type
                  4    0[BANK0 ] unsigned long 
 Registers used:
		wreg, status,2, status,0, btemp+1
 Tracked objects:
		On entry : 
		On exit  : 
		Unchanged: 
 Data sizes:     COMMON   BANK0   BANK1   BANK3   BANK2
      Params:         0       8       0       0       0
      Locals:         0       5       0       0       0
      Temps:          1       0       0       0       0
      Totals:         1      13       0       0       0
Total ram usage:       14 bytes
 Hardware stack levels used:    1
 This function calls:
		Nothing
 This function is called by:
		_main
 This function uses a non-reentrant model



MODULE INFORMATION

Module		Function		Class		Link	Load	Size
ssd.c
		_init_ssd      		CODE           	0348	0000	13
		_display       		CODE           	0460	0000	87

ssd.c estimated size: 100

/opt/microchip/xc8/v2.20/pic/sources/c90/pic/__eewrite.c
		_eeprom_write  		CODE           	03DB	0000	50

/opt/microchip/xc8/v2.20/pic/sources/c90/pic/__eewrite.c estimated size: 50

digital_keypad.c
		_init_digital_keypad		CODE           	0337	0000	7
		_read_digital_keypad		CODE           	03B1	0000	43

digital_keypad.c estimated size: 50

/opt/microchip/xc8/v2.20/pic/sources/c90/common/__lldiv.c
		___lldiv       		CODE           	04B6	0000	105

/opt/microchip/xc8/v2.20/pic/sources/c90/common/__lldiv.c estimated size: 105

/opt/microchip/xc8/v2.20/pic/sources/c90/common/Umul16.c
		___wmul        		CODE           	038C	0000	38

/opt/microchip/xc8/v2.20/pic/sources/c90/common/Umul16.c estimated size: 38

/opt/microchip/xc8/v2.20/pic/sources/c90/pic/__eeread.c
		_eeprom_read   		CODE           	0375	0000	24

/opt/microchip/xc8/v2.20/pic/sources/c90/pic/__eeread.c estimated size: 24

shared
		__initialization		CODE           	07E8	0000	21

shared estimated size: 21

/opt/microchip/xc8/v2.20/pic/sources/c90/common/llmod.c
		___llmod       		CODE           	040C	0000	85

/opt/microchip/xc8/v2.20/pic/sources/c90/common/llmod.c estimated size: 85

main.c
		_main          		CODE           	051E	0000	715
		_init_config   		CODE           	033D	0000	12

main.c estimated size: 727

