Microchip MPLAB XC8 Compiler V2.41

Linker command line:

-W-3 \
  --edf=C:\Program Files\Microchip\xc8\v2.41\pic\dat\20230208172133_en.msgs \
  -cn -h+dist/default/production\A16.X.production.sym \
  --cmf=dist/default/production\A16.X.production.cmf -z -Q16F877A \
  -oC:\Users\Lenovo\AppData\Local\Temp\xcAs5ds.\driver_tmp_3.o \
  --defsym=__MPLAB_BUILD=1 --fixupoverflow=error \
  -Mdist/default/production/A16.X.production.map \
  --md=C:\Users\Lenovo\AppData\Local\Temp\xcAs5ds.\driver_tmp_0.dat -E1 \
  -ver=XC8 Compiler -ACODE=00h-07FFhx4 -ASTRCODE=00h-01FFFh \
  -ASTRING=00h-0FFhx32 -ACONST=00h-0FFhx32 -AENTRY=00h-0FFhx32 \
  -ACOMMON=070h-07Fh -ABANK0=020h-06Fh -ABANK1=0A0h-0EFh \
  -ABANK2=0110h-016Fh -ABANK3=0190h-01EFh \
  -ARAM=020h-06Fh,0A0h-0EFh,0110h-016Fh,0190h-01EFh \
  -AABS1=020h-07Fh,0A0h-0EFh,0110h-016Fh,0190h-01EFh -ASFR0=00h-01Fh \
  -ASFR1=080h-09Fh -ASFR2=0100h-010Fh -ASFR3=0180h-018Fh \
  -ACONFIG=02007h-02007h -DCONFIG=2 -AIDLOC=02000h-02003h -DIDLOC=2 \
  -AEEDATA=00h-0FFh/02100h -peeprom_data=EEDATA -DEEDATA=2 -DCODE=2 \
  -DSTRCODE=2 -DSTRING=2 -DCONST=2 -DENTRY=2 \
  -preset_vec=00h,intentry,init,end_init -ppowerup=CODE -pcinit=CODE \
  -pfunctab=ENTRY -k \
  C:\Users\Lenovo\AppData\Local\Temp\xcAs5ds.\driver_tmp_12.o \
  dist/default/production\A16.X.production.o 

Object code version is 3.11

Machine type is 16F877A



                Name                               Link     Load   Length Selector   Space Scale
C:\Users\Lenovo\AppData\Local\Temp\xcAs5ds.\driver_tmp_12.o
                end_init                              0        0        3        0       0
                config                             2007     2007        1        0       4
dist/default/production\A16.X.production.o
                cinit                               7EC      7EC       14      FD8       0
                config                             2007     2007        1        0       4
                text14                              580      580       35      B00       0
                text13                              502      502       1D      A04       0
                text12                              5B5      5B5       35      B6A       0
                text11                              48E      48E        7      91C       0
                text10                              51F      51F       2D      A3E       0
                text9                               68C      68C       63      D18       0
                text8                               49D      49D        9      93A       0
                text7                               62E      62E       5E      C5C       0
                text6                               54C      54C       34      A98       0
                text5                               4A6      4A6        9      94C       0
                text4                               4CA      4CA       1C      994       0
                text3                               4AF      4AF       1B      95E       0
                text2                               4E6      4E6       1C      9CC       0
                text1                               5EA      5EA       44      BD4       0
                maintext                            6EF      6EF       FD      DDE       0
                cstackBANK0                          20       20       2E       20       1
                cstackCOMMON                         70       70        E       70       1
                cstackBANK3                         190      190       5A      190       1
                clrtext                             495      495        8      92A       0
                bssBANK2                            110      110       5A      110       1
                bssBANK0                             4E       4E       22       20       1
                strings                               3        3       17        6       0

TOTAL           Name                               Link     Load   Length     Space
        CLASS   CODE           
                end_init                              0        0        3         0
                cinit                               7EC      7EC       14         0
                text14                              580      580       35         0
                text13                              502      502       1D         0
                text12                              5B5      5B5       35         0
                text11                              48E      48E        7         0
                text10                              51F      51F       2D         0
                text9                               68C      68C       63         0
                text8                               49D      49D        9         0
                text7                               62E      62E       5E         0
                text6                               54C      54C       34         0
                text5                               4A6      4A6        9         0
                text4                               4CA      4CA       1C         0
                text3                               4AF      4AF       1B         0
                text2                               4E6      4E6       1C         0
                text1                               5EA      5EA       44         0
                maintext                            6EF      6EF       FD         0
                clrtext                             495      495        8         0

        CLASS   STRCODE        

        CLASS   STRING         
                strings                               3        3       17         0

        CLASS   CONST          

        CLASS   ENTRY          

        CLASS   COMMON         
                cstackCOMMON                         70       70        E         1

        CLASS   BANK0          
                cstackBANK0                          20       20       2E         1
                bssBANK0                             4E       4E       22         1

        CLASS   BANK1          

        CLASS   BANK2          
                bssBANK2                            110      110       5A         1

        CLASS   BANK3          
                cstackBANK3                         190      190       5A         1

        CLASS   RAM            

        CLASS   ABS1           
                abs_s1                               7E       7E        2         1

        CLASS   SFR0           

        CLASS   SFR1           

        CLASS   SFR2           

        CLASS   SFR3           

        CLASS   CONFIG         
                config                             2007     2007        1         4

        CLASS   IDLOC          

        CLASS   EEDATA         

        CLASS   STACK          



SEGMENTS        Name                           Load    Length   Top    Selector   Space  Class     Delta

                reset_vec                      000000  000003  000003         0       0  CODE        2
                strings                        000003  000017  00001A         6       0  STRING      2
                cstackBANK0                    000020  000050  000070        20       1  BANK0       1
                cstackCOMMON                   000070  00000E  00007E        70       1  COMMON      1
                bssBANK2                       000110  00005A  00016A       110       1  BANK2       1
                cstackBANK3                    000190  00005A  0001EA       190       1  BANK3       1
                text11                         00048E  000007  000495       91C       0  CODE        2
                clrtext                        000495  000008  00049D       92A       0  CODE        2
                text8                          00049D  000009  0004A6       93A       0  CODE        2
                text5                          0004A6  000009  0004AF       94C       0  CODE        2
                text3                          0004AF  00001B  0004CA       95E       0  CODE        2
                text4                          0004CA  00001C  0004E6       994       0  CODE        2
                text2                          0004E6  00001C  000502       9CC       0  CODE        2
                text13                         000502  00001D  00051F       A04       0  CODE        2
                text10                         00051F  00002D  00054C       A3E       0  CODE        2
                text6                          00054C  000034  000580       A98       0  CODE        2
                text14                         000580  000035  0005B5       B00       0  CODE        2
                text12                         0005B5  000035  0005EA       B6A       0  CODE        2
                text1                          0005EA  000044  00062E       BD4       0  CODE        2
                text7                          00062E  00005E  00068C       C5C       0  CODE        2
                text9                          00068C  000063  0006EF       D18       0  CODE        2
                maintext                       0006EF  0000FD  0007EC       DDE       0  CODE        2
                cinit                          0007EC  000014  000800       FD8       0  CODE        2


UNUSED ADDRESS RANGES

        Name                Unused          Largest block    Delta
        BANK1            00A0-00EF             50           1
        BANK2            016A-016F              6           1
        BANK3            01EA-01EF              6           1
        CODE             001A-048D            474           2
                         0800-1FFF            800
        CONST            001A-048D            100           2
                         0800-1FFF            100
        EEDATA           2100-21FF            100           2
        ENTRY            001A-048D            100           2
                         0800-1FFF            100
        IDLOC            2000-2003              4           2
        RAM              00A0-00EF             50           1
                         016A-016F              6
                         01EA-01EF              6
        SFR0             0000-001F             20           1
        SFR1             0080-009F             20           1
        SFR2             0100-010F             10           1
        SFR3             0180-018F             10           1
        STRCODE          001A-048D            474           2
                         0800-1FFF           1800
        STRING           001A-048D            100           2
                         0800-1FFF            100

                                  Symbol Table

?___lldiv                        cstackCOMMON 0070
?_strlen                         cstackCOMMON 0070
_BRGH                            (abs)        04C2
_CREN                            (abs)        00C4
_GIE                             (abs)        005F
_PEIE                            (abs)        005E
_PORTD                           (abs)        0008
_RCIF                            (abs)        0065
_RCREG                           (abs)        001A
_RE1                             (abs)        0049
_RE2                             (abs)        004A
_SPBRG                           (abs)        0099
_SPEN                            (abs)        00C7
_TRISD                           (abs)        0088
_TRISE1                          (abs)        0449
_TRISE2                          (abs)        044A
_TXEN                            (abs)        04C5
_TXIF                            (abs)        0064
_TXREG                           (abs)        0019
__H__absolute__                  __absolute__ 0000
__Habs1                          abs1         0000
__Hbank0                         bank0        0000
__Hbank1                         bank1        0000
__Hbank2                         bank2        0000
__Hbank3                         bank3        0000
__HbssBANK0                      bssBANK0     0000
__HbssBANK2                      bssBANK2     0000
__Hcinit                         cinit        0800
__Hclrtext                       clrtext      0000
__Hcode                          code         0000
__Hcommon                        common       0000
__Hconfig                        config       2008
__HcstackBANK0                   cstackBANK0  0000
__HcstackBANK3                   cstackBANK3  0000
__HcstackCOMMON                  cstackCOMMON 0000
__Heeprom_data                   eeprom_data  0000
__Hend_init                      end_init     0003
__Hfunctab                       functab      0000
__Hinit                          init         0000
__Hintentry                      intentry     0000
__Hmaintext                      maintext     0000
__Hpowerup                       powerup      0000
__Hram                           ram          0000
__Hreset_vec                     reset_vec    0000
__Hsfr0                          sfr0         0000
__Hsfr1                          sfr1         0000
__Hsfr2                          sfr2         0000
__Hsfr3                          sfr3         0000
__Hspace_0                       (abs)        0800
__Hspace_1                       (abs)        01EA
__Hspace_2                       (abs)        0000
__Hspace_3                       (abs)        0000
__Hspace_4                       (abs)        400F
__Hstack                         stack        0000
__Hstrings                       strings      0000
__Htext                          text         0000
__L__absolute__                  __absolute__ 0000
__Labs1                          abs1         0000
__Lbank0                         bank0        0000
__Lbank1                         bank1        0000
__Lbank2                         bank2        0000
__Lbank3                         bank3        0000
__LbssBANK0                      bssBANK0     0000
__LbssBANK2                      bssBANK2     0000
__Lcinit                         cinit        07EC
__Lclrtext                       clrtext      0000
__Lcode                          code         0000
__Lcommon                        common       0000
__Lconfig                        config       0000
__LcstackBANK0                   cstackBANK0  0000
__LcstackBANK3                   cstackBANK3  0000
__LcstackCOMMON                  cstackCOMMON 0000
__Leeprom_data                   eeprom_data  0000
__Lend_init                      end_init     0000
__Lfunctab                       functab      0000
__Linit                          init         0000
__Lintentry                      intentry     0000
__Lmaintext                      maintext     0000
__Lpowerup                       powerup      0000
__Lram                           ram          0000
__Lreset_vec                     reset_vec    0000
__Lsfr0                          sfr0         0000
__Lsfr1                          sfr1         0000
__Lsfr2                          sfr2         0000
__Lsfr3                          sfr3         0000
__Lspace_0                       (abs)        0000
__Lspace_1                       (abs)        0000
__Lspace_2                       (abs)        0000
__Lspace_3                       (abs)        0000
__Lspace_4                       (abs)        0000
__Lstack                         stack        0000
__Lstrings                       strings      0000
__Ltext                          text         0000
__S0                             (abs)        0800
__S1                             (abs)        01EA
__S3                             (abs)        0000
___int_sp                        stack        0000
___latbits                       (abs)        0002
___lldiv                         text7        062E
___lldiv@counter                 cstackCOMMON 007D
___lldiv@dividend                cstackCOMMON 0074
___lldiv@divisor                 cstackCOMMON 0070
___lldiv@quotient                cstackCOMMON 0079
___sp                            stack        0000
___stackhi                       (abs)        0000
___stacklo                       (abs)        0000
__end_of___lldiv                 text7        068C
__end_of__initialization         cinit        07FC
__end_of__stringtab              strings      0009
__end_of_clcd_print              text13       051F
__end_of_clcd_write              text12       05EA
__end_of_clcd_write@clcd$F103    text14       05B5
__end_of_getcharx                text11       0495
__end_of_getsx                   text10       054C
__end_of_init_clcd               text8        04A6
__end_of_init_config             text3        04CA
__end_of_init_display_controller text9        06EF
__end_of_init_uart               text6        0580
__end_of_main                    maintext     07EC
__end_of_putchars                text5        04AF
__end_of_putsx                   text4        04E6
__end_of_strlen                  text2        0502
__end_of_strncpy                 text1        062E
__initialization                 cinit        07EC
__pbssBANK0                      bssBANK0     004E
__pbssBANK2                      bssBANK2     0110
__pcstackBANK0                   cstackBANK0  0020
__pcstackBANK3                   cstackBANK3  0190
__pcstackCOMMON                  cstackCOMMON 0070
__pmaintext                      maintext     06EF
__pstrings                       strings      0003
__ptext1                         text1        05EA
__ptext10                        text10       051F
__ptext11                        text11       048E
__ptext12                        text12       05B5
__ptext13                        text13       0502
__ptext14                        text14       0580
__ptext2                         text2        04E6
__ptext3                         text3        04AF
__ptext4                         text4        04CA
__ptext5                         text5        04A6
__ptext6                         text6        054C
__ptext7                         text7        062E
__ptext8                         text8        049D
__ptext9                         text9        068C
__stringbase                     strings      0008
__stringtab                      strings      0003
_clcd_print                      text13       0502
_clcd_write                      text12       05B5
_clcd_write@clcd$F103            text14       0580
_getcharx                        text11       048E
_getsx                           text10       051F
_init_clcd                       text8        049D
_init_config                     text3        04AF
_init_display_controller         text9        068C
_init_uart                       text6        054C
_main                            maintext     06EF
_putchars                        text5        04A6
_putsx                           text4        04CA
_strlen                          text2        04E6
_strncpy                         text1        05EA
btemp                            (abs)        007E
clcd_print@addr                  cstackCOMMON 0074
clcd_print@str                   cstackCOMMON 0075
clcd_write@byte                  cstackCOMMON 0073
clcd_write@clcd$F103@byte        cstackCOMMON 0073
clcd_write@clcd$F103@mode        cstackCOMMON 0070
clcd_write@mode                  cstackCOMMON 0070
clear_ram0                       clrtext      0495
end_of_initialization            cinit        07FC
getsx@J                          cstackCOMMON 0071
getsx@i                          cstackCOMMON 0073
getsx@string                     cstackCOMMON 0072
init_uart@baud                   cstackBANK0  0020
intlevel0                        functab      0000
intlevel1                        functab      0000
intlevel2                        functab      0000
intlevel3                        functab      0000
intlevel4                        functab      0000
intlevel5                        functab      0000
main@count                       cstackBANK0  004A
main@i                           cstackBANK0  004C
main@str                         cstackBANK3  0190
main@str1                        cstackBANK0  0039
main@str2                        cstackBANK0  0028
putchars@data                    cstackCOMMON 0070
putsx@s                          cstackCOMMON 0071
reset_vec                        reset_vec    0000
start                            init         0000
start_initialization             cinit        07EC
strlen@cp                        cstackCOMMON 0072
strlen@s                         cstackCOMMON 0070
strncpy@cp                       cstackCOMMON 007B
strncpy@from                     cstackCOMMON 0076
strncpy@size                     cstackCOMMON 0077
strncpy@to                       cstackCOMMON 0074
wtemp0                           (abs)        007E


MODULE INFORMATION

Module		Function		Class		Link	Load	Size
uart.c
		_putsx         		CODE           	04CA	0000	28
		_init_uart     		CODE           	054C	0000	52
		_getcharx      		CODE           	048E	0000	7
		_getsx         		CODE           	051F	0000	45
		_putchars      		CODE           	04A6	0000	9

uart.c estimated size: 141

C:\Program Files\Microchip\xc8\v2.41\pic\sources\c90\common\strncpy.c
		_strncpy       		CODE           	05EA	0000	68

C:\Program Files\Microchip\xc8\v2.41\pic\sources\c90\common\strncpy.c estimated size: 68

C:\Program Files\Microchip\xc8\v2.41\pic\sources\c90\common\__lldiv.c
		___lldiv       		CODE           	062E	0000	94

C:\Program Files\Microchip\xc8\v2.41\pic\sources\c90\common\__lldiv.c estimated size: 94

shared
		__stringtab    		STRING         	0003	0000	6
		__initialization		CODE           	07EC	0000	16

shared estimated size: 22

clcd.c
		_clcd_print    		CODE           	0502	0000	29
		_init_display_controller		CODE           	068C	0000	99
		_init_clcd     		CODE           	049D	0000	9
		_clcd_write@clcd$F103		CODE           	0580	0000	53

clcd.c estimated size: 190

C:\Program Files\Microchip\xc8\v2.41\pic\sources\c90\common\strlen.c
		_strlen        		CODE           	04E6	0000	28

C:\Program Files\Microchip\xc8\v2.41\pic\sources\c90\common\strlen.c estimated size: 28

main.c
		_clcd_write    		CODE           	05B5	0000	53
		_main          		CODE           	06EF	0000	253
		_init_config   		CODE           	04AF	0000	27

main.c estimated size: 333

