Microchip MPLAB XC8 Compiler V2.20

Linker command line:

-W-3 --edf=/opt/microchip/xc8/v2.20/pic/dat/en_msgs.txt -cn \
  -h+dist/default/production/A9.X.production.sym \
  --cmf=dist/default/production/A9.X.production.cmf -z -Q16F877A \
  -o/tmp/xcXOAbcoF --defsym=__MPLAB_BUILD=1 \
  -Mdist/default/production/A9.X.production.map -E1 -ver=XC8 Compiler \
  --acfsm=1493 -ASTACK=0110h-016Fh -pstack=STACK -ACODE=00h-07FFhx4 \
  -ASTRCODE=00h-01FFFh -ASTRING=00h-0FFhx32 -ACONST=00h-0FFhx32 \
  -AENTRY=00h-0FFhx32 -ACOMMON=070h-07Fh -ABANK0=020h-06Fh \
  -ABANK1=0A0h-0EFh -ABANK2=0110h-016Fh -ABANK3=0190h-01EFh \
  -ARAM=020h-06Fh,0A0h-0EFh,0110h-016Fh,0190h-01EFh \
  -AABS1=020h-07Fh,0A0h-0EFh,0110h-016Fh,0190h-01EFh -ASFR0=00h-01Fh \
  -ASFR1=080h-09Fh -ASFR2=0100h-010Fh -ASFR3=0180h-018Fh \
  -ACONFIG=02007h-02007h -DCONFIG=2 -AIDLOC=02000h-02003h -DIDLOC=2 \
  -preset_vec=00h,intentry,init,end_init -ppowerup=CODE -pcinit=CODE \
  -pfunctab=ENTRY -AEEDATA=00h-0FFh/02100h -peeprom_data=EEDATA -DEEDATA=2 \
  -DCODE=2 -DSTRCODE=2 -DSTRING=2 -DCONST=2 -DENTRY=2 -k /tmp/xcXaimDkI.o \
  dist/default/production/A9.X.production.o 

Object code version is 3.11

Machine type is 16F877A



                Name                               Link     Load   Length Selector   Space Scale
/tmp/xcXaimDkI.o
                end_init                              0        0        3        0       0
                config                             2007     2007        1        0       4
dist/default/production/A9.X.production.o
                cinit                               7FC      7FC        4      FF8       0
                config                             2007     2007        1        0       4
                text14                              140      140       27      280       0
                text13                              49B      49B      361      936       0
                text12                              365      365       7C      6CA       0
                text11                              3E1      3E1       BA      7C2       0
                text10                              206      206       44      40C       0
                text9                               1CC      1CC       3A      398       0
                text8                               196      196       36      32C       0
                text7                               167      167       2F      2CE       0
                text6                               2A0      2A0       62      540       0
                text5                                F7       F7        7      1EE       0
                text4                               302      302       63      604       0
                text3                                FE       FE        B      1FC       0
                text2                               109      109       18      212       0
                text1                               121      121       1F      242       0
                maintext                            24A      24A       56      494       0
                cstackBANK0                          20       20       28       20       1
                cstackCOMMON                         70       70        E       70       1
                strings                               3        3       1D        6       0

TOTAL           Name                               Link     Load   Length     Space
        CLASS   STACK          

        CLASS   CODE           
                end_init                              0        0        3         0
                cinit                               7FC      7FC        4         0
                text14                              140      140       27         0
                text13                              49B      49B      361         0
                text12                              365      365       7C         0
                text11                              3E1      3E1       BA         0
                text10                              206      206       44         0
                text9                               1CC      1CC       3A         0
                text8                               196      196       36         0
                text7                               167      167       2F         0
                text6                               2A0      2A0       62         0
                text5                                F7       F7        7         0
                text4                               302      302       63         0
                text3                                FE       FE        B         0
                text2                               109      109       18         0
                text1                               121      121       1F         0
                maintext                            24A      24A       56         0

        CLASS   STRCODE        

        CLASS   STRING         
                strings                               3        3       1D         0

        CLASS   CONST          

        CLASS   ENTRY          

        CLASS   COMMON         
                cstackCOMMON                         70       70        E         1

        CLASS   BANK0          
                cstackBANK0                          20       20       28         1

        CLASS   BANK1          

        CLASS   BANK2          

        CLASS   BANK3          

        CLASS   RAM            

        CLASS   ABS1           
                abs_s1                               7E       7E        2         1

        CLASS   SFR0           

        CLASS   SFR1           

        CLASS   SFR2           

        CLASS   SFR3           

        CLASS   CONFIG         
                config                             2007     2007        1         4

        CLASS   IDLOC          

        CLASS   EEDATA         



SEGMENTS        Name                           Load    Length   Top    Selector   Space  Class     Delta

                text7                          000167  00002F  000196       2CE       0  CODE        2
                text14                         000140  000027  000167       280       0  CODE        2
                reset_vec                      000000  000003  000003         0       0  CODE        2
                text8                          000196  000036  0001CC       32C       0  CODE        2
                text1                          000121  00001F  000140       242       0  CODE        2
                strings                        000003  00001D  000020         6       0  STRING      2
                text9                          0001CC  00003A  000206       398       0  CODE        2
                text10                         000206  000044  00024A       40C       0  CODE        2
                text2                          000109  000018  000121       212       0  CODE        2
                text5                          0000F7  000007  0000FE       1EE       0  CODE        2
                text3                          0000FE  00000B  000109       1FC       0  CODE        2
                maintext                       00024A  000056  0002A0       494       0  CODE        2
                cstackBANK0                    000020  000028  000048        20       1  BANK0       1
                cinit                          0007FC  000004  000800       FF8       0  CODE        2
                cstackCOMMON                   000070  00000E  00007E        70       1  COMMON      1
                text4                          000302  000063  000365       604       0  CODE        2
                text6                          0002A0  000062  000302       540       0  CODE        2
                text12                         000365  00007C  0003E1       6CA       0  CODE        2
                text13                         00049B  000361  0007FC       936       0  CODE        2
                text11                         0003E1  0000BA  00049B       7C2       0  CODE        2


UNUSED ADDRESS RANGES

        Name                Unused          Largest block    Delta
        BANK0            0048-006F             28           1
        BANK1            00A0-00EF             50           1
        BANK2            0110-016F             60           1
        BANK3            0190-01EF             60           1
        CODE             0020-00F6             D7           2
                         0800-1FFF            800
        CONST            0020-00F6             D7           2
                         0800-1FFF            100
        EEDATA           2100-21FF            100           2
        ENTRY            0020-00F6             D7           2
                         0800-1FFF            100
        IDLOC            2000-2003              4           2
        RAM              0048-006F             28           1
                         00A0-00EF             50
                         0110-016F             60
                         0190-01EF             60
        SFR0             0000-001F             20           1
        SFR1             0080-009F             20           1
        SFR2             0100-010F             10           1
        SFR3             0180-018F             10           1
        STACK            0110-016F             60           1
        STRCODE          0020-00F6             D7           2
                         0800-1FFF           1800
        STRING           0020-00F6             D7           2
                         0800-1FFF            100

                                  Symbol Table

?__Umul8_16                       cstackCOMMON 0070
?___flmul                         cstackBANK0  0020
?___fltol                         cstackBANK0  003A
?___lwdiv                         cstackCOMMON 0070
?___lwmod                         cstackCOMMON 0070
?___xxtofl                        cstackCOMMON 0070
?_read_adc                        cstackCOMMON 0070
_ADCON0                           (abs)        001F
_ADFM                             (abs)        04FF
_ADON                             (abs)        00F8
_ADRESH                           (abs)        001E
_ADRESL                           (abs)        009E
_GO                               (abs)        00FA
_PORTD                            (abs)        0008
_RE1                              (abs)        0049
_RE2                              (abs)        004A
_TRISD                            (abs)        0088
_TRISE1                           (abs)        0449
_TRISE2                           (abs)        044A
__Habs1                           abs1         0000
__Hbank0                          bank0        0000
__Hbank1                          bank1        0000
__Hbank2                          bank2        0000
__Hbank3                          bank3        0000
__Hcinit                          cinit        0800
__Hclrtext                        clrtext      0000
__Hcode                           code         0000
__Hcommon                         common       0000
__Hconfig                         config       2008
__HcstackBANK0                    cstackBANK0  0000
__HcstackCOMMON                   cstackCOMMON 0000
__Heeprom_data                    eeprom_data  0000
__Hend_init                       end_init     0003
__Hfunctab                        functab      0000
__Hinit                           init         0000
__Hintentry                       intentry     0000
__Hmaintext                       maintext     0000
__Hpowerup                        powerup      0000
__Hram                            ram          0000
__Hreset_vec                      reset_vec    0000
__Hsfr0                           sfr0         0000
__Hsfr1                           sfr1         0000
__Hsfr2                           sfr2         0000
__Hsfr3                           sfr3         0000
__Hspace_0                        (abs)        0800
__Hspace_1                        (abs)        007E
__Hspace_2                        (abs)        0000
__Hspace_3                        (abs)        0000
__Hspace_4                        (abs)        400F
__Hstack                          stack        0000
__Hstrings                        strings      0000
__Htext                           text         0000
__Labs1                           abs1         0000
__Lbank0                          bank0        0000
__Lbank1                          bank1        0000
__Lbank2                          bank2        0000
__Lbank3                          bank3        0000
__Lcinit                          cinit        07FC
__Lclrtext                        clrtext      0000
__Lcode                           code         0000
__Lcommon                         common       0000
__Lconfig                         config       0000
__LcstackBANK0                    cstackBANK0  0000
__LcstackCOMMON                   cstackCOMMON 0000
__Leeprom_data                    eeprom_data  0000
__Lend_init                       end_init     0000
__Lfunctab                        functab      0000
__Linit                           init         0000
__Lintentry                       intentry     0000
__Lmaintext                       maintext     0000
__Lpowerup                        powerup      0000
__Lram                            ram          0000
__Lreset_vec                      reset_vec    0000
__Lsfr0                           sfr0         0000
__Lsfr1                           sfr1         0000
__Lsfr2                           sfr2         0000
__Lsfr3                           sfr3         0000
__Lspace_0                        (abs)        0000
__Lspace_1                        (abs)        0000
__Lspace_2                        (abs)        0000
__Lspace_3                        (abs)        0000
__Lspace_4                        (abs)        0000
__Lstack                          stack        0000
__Lstrings                        strings      0000
__Ltext                           text         0000
__S0                              (abs)        0800
__S1                              (abs)        007E
__S2                              (abs)        0000
__S3                              (abs)        0000
__Umul8_16                        text14       0140
__Umul8_16@multiplicand           cstackCOMMON 0070
__Umul8_16@multiplier             cstackCOMMON 0078
__Umul8_16@product                cstackCOMMON 0074
__Umul8_16@word_mpld              cstackCOMMON 0076
___flmul                          text13       049B
___flmul@a                        cstackBANK0  0024
___flmul@aexp                     cstackBANK0  0032
___flmul@b                        cstackBANK0  0020
___flmul@bexp                     cstackBANK0  0033
___flmul@grs                      cstackBANK0  002E
___flmul@prod                     cstackBANK0  0034
___flmul@sign                     cstackBANK0  002D
___flmul@temp                     cstackBANK0  0038
___fltol                          text12       0365
___fltol@exp1                     cstackBANK0  0043
___fltol@f1                       cstackBANK0  003A
___fltol@sign1                    cstackBANK0  0042
___int_sp                         stack        0000
___latbits                        (abs)        0002
___lwdiv                          text10       0206
___lwdiv@counter                  cstackCOMMON 0076
___lwdiv@dividend                 cstackCOMMON 0072
___lwdiv@divisor                  cstackCOMMON 0070
___lwdiv@quotient                 cstackCOMMON 0074
___lwmod                          text9        01CC
___lwmod@counter                  cstackCOMMON 0074
___lwmod@dividend                 cstackCOMMON 0072
___lwmod@divisor                  cstackCOMMON 0070
___sp                             stack        0000
___stackhi                        (abs)        0000
___stacklo                        (abs)        0000
___xxtofl                         text11       03E1
___xxtofl@arg                     cstackCOMMON 007A
___xxtofl@exp                     cstackCOMMON 0079
___xxtofl@sign                    cstackCOMMON 0078
___xxtofl@val                     cstackCOMMON 0070
__end_of__Umul8_16                text14       0167
__end_of___flmul                  text13       07FC
__end_of___fltol                  text12       03E1
__end_of___lwdiv                  text10       024A
__end_of___lwmod                  text9        0206
__end_of___xxtofl                 text11       049B
__end_of__initialization          cinit        07FC
__end_of__stringtab               strings      0013
__end_of_clcd_print               text7        0196
__end_of_clcd_write               text8        01CC
__end_of_display                  text6        0302
__end_of_init_adc                 text5        00FE
__end_of_init_clcd                text3        0109
__end_of_init_config              text2        0121
__end_of_init_display_controller  text4        0365
__end_of_main                     maintext     02A0
__end_of_read_adc                 text1        0140
__initialization                  cinit        07FC
__pcstackBANK0                    cstackBANK0  0020
__pcstackCOMMON                   cstackCOMMON 0070
__pmaintext                       maintext     024A
__pstrings                        strings      0003
__ptext1                          text1        0121
__ptext10                         text10       0206
__ptext11                         text11       03E1
__ptext12                         text12       0365
__ptext13                         text13       049B
__ptext14                         text14       0140
__ptext2                          text2        0109
__ptext3                          text3        00FE
__ptext4                          text4        0302
__ptext5                          text5        00F7
__ptext6                          text6        02A0
__ptext7                          text7        0167
__ptext8                          text8        0196
__ptext9                          text9        01CC
__size_of__Umul8_16               (abs)        0000
__size_of___flmul                 (abs)        0000
__size_of___fltol                 (abs)        0000
__size_of___lwdiv                 (abs)        0000
__size_of___lwmod                 (abs)        0000
__size_of___xxtofl                (abs)        0000
__size_of_clcd_print              (abs)        0000
__size_of_clcd_write              (abs)        0000
__size_of_display                 (abs)        0000
__size_of_init_adc                (abs)        0000
__size_of_init_clcd               (abs)        0000
__size_of_init_config             (abs)        0000
__size_of_init_display_controller (abs)        0000
__size_of_main                    (abs)        0000
__size_of_read_adc                (abs)        0000
__stringbase                      strings      0012
__stringtab                       strings      0003
_clcd_print                       text7        0167
_clcd_write                       text8        0196
_display                          text6        02A0
_init_adc                         text5        00F7
_init_clcd                        text3        00FE
_init_config                      text2        0109
_init_display_controller          text4        0302
_main                             maintext     024A
_nDONE                            (abs)        00FA
_read_adc                         text1        0121
btemp                             (abs)        007E
clcd_print@addr                   cstackCOMMON 0076
clcd_print@str                    cstackCOMMON 0074
clcd_write@byte                   cstackCOMMON 0073
clcd_write@mode                   cstackCOMMON 0070
display@adc_reg_val               cstackCOMMON 0077
display@buff                      cstackBANK0  0020
display@i                         cstackBANK0  0028
end_of_initialization             cinit        07FC
intlevel0                         functab      0000
intlevel1                         functab      0000
intlevel2                         functab      0000
intlevel3                         functab      0000
intlevel4                         functab      0000
intlevel5                         functab      0000
main@adc_reg_val                  cstackBANK0  0044
main@volt                         cstackBANK0  0046
read_adc@adc_reg_val              cstackCOMMON 0073
read_adc@channel                  cstackCOMMON 0075
reset_vec                         reset_vec    0000
start                             init         0000
start_initialization              cinit        07FC
wtemp0                            (abs)        007E


FUNCTION INFORMATION:

 *************** function _main *****************
 Defined at:
		line 47 in file "main.c"
 Parameters:    Size  Location     Type
		None
 Auto vars:     Size  Location     Type
  volt            2   38[BANK0 ] unsigned short 
  adc_reg_val     2   36[BANK0 ] unsigned short 
 Return value:  Size  Location     Type
                  1    wreg      void 
 Registers used:
		wreg, fsr0l, fsr0h, status,2, status,0, btemp+1, pclath, cstack
 Tracked objects:
		On entry : 
		On exit  : 
		Unchanged: 
 Data sizes:     COMMON   BANK0   BANK1   BANK3   BANK2
      Params:         0       0       0       0       0
      Locals:         0       4       0       0       0
      Temps:          0       0       0       0       0
      Totals:         0       4       0       0       0
Total ram usage:        4 bytes
 Hardware stack levels required when called:    4
 This function calls:
		___flmul
		___fltol
		___xxtofl
		_display
		_init_config
		_read_adc
 This function is called by:
		Startup code after reset
 This function uses a non-reentrant model


 *************** function _read_adc *****************
 Defined at:
		line 20 in file "adc.c"
 Parameters:    Size  Location     Type
  channel         1    wreg     unsigned char 
 Auto vars:     Size  Location     Type
  channel         1    5[COMMON] unsigned char 
  adc_reg_val     2    3[COMMON] unsigned short 
 Return value:  Size  Location     Type
                  2    0[COMMON] unsigned short 
 Registers used:
		wreg, status,2, status,0
 Tracked objects:
		On entry : 
		On exit  : 
		Unchanged: 
 Data sizes:     COMMON   BANK0   BANK1   BANK3   BANK2
      Params:         2       0       0       0       0
      Locals:         3       0       0       0       0
      Temps:          1       0       0       0       0
      Totals:         6       0       0       0       0
Total ram usage:        6 bytes
 Hardware stack levels used:    1
 This function calls:
		Nothing
 This function is called by:
		_main
 This function uses a non-reentrant model


 *************** function _init_config *****************
 Defined at:
		line 40 in file "main.c"
 Parameters:    Size  Location     Type
		None
 Auto vars:     Size  Location     Type
		None
 Return value:  Size  Location     Type
                  1    wreg      void 
 Registers used:
		wreg, fsr0l, fsr0h, status,2, status,0, btemp+1, pclath, cstack
 Tracked objects:
		On entry : 
		On exit  : 
		Unchanged: 
 Data sizes:     COMMON   BANK0   BANK1   BANK3   BANK2
      Params:         0       0       0       0       0
      Locals:         0       0       0       0       0
      Temps:          0       0       0       0       0
      Totals:         0       0       0       0       0
Total ram usage:        0 bytes
 Hardware stack levels used:    1
 Hardware stack levels required when called:    3
 This function calls:
		_clcd_print
		_init_adc
		_init_clcd
 This function is called by:
		_main
 This function uses a non-reentrant model


 *************** function _init_clcd *****************
 Defined at:
		line 52 in file "clcd.c"
 Parameters:    Size  Location     Type
		None
 Auto vars:     Size  Location     Type
		None
 Return value:  Size  Location     Type
                  1    wreg      void 
 Registers used:
		wreg, status,2, status,0, pclath, cstack
 Tracked objects:
		On entry : 
		On exit  : 
		Unchanged: 
 Data sizes:     COMMON   BANK0   BANK1   BANK3   BANK2
      Params:         0       0       0       0       0
      Locals:         0       0       0       0       0
      Temps:          0       0       0       0       0
      Totals:         0       0       0       0       0
Total ram usage:        0 bytes
 Hardware stack levels used:    1
 Hardware stack levels required when called:    2
 This function calls:
		_init_display_controller
 This function is called by:
		_init_config
 This function uses a non-reentrant model


 *************** function _init_display_controller *****************
 Defined at:
		line 29 in file "clcd.c"
 Parameters:    Size  Location     Type
		None
 Auto vars:     Size  Location     Type
		None
 Return value:  Size  Location     Type
                  1    wreg      void 
 Registers used:
		wreg, status,2, status,0, pclath, cstack
 Tracked objects:
		On entry : 
		On exit  : 
		Unchanged: 
 Data sizes:     COMMON   BANK0   BANK1   BANK3   BANK2
      Params:         0       0       0       0       0
      Locals:         0       0       0       0       0
      Temps:          2       0       0       0       0
      Totals:         2       0       0       0       0
Total ram usage:        2 bytes
 Hardware stack levels used:    1
 Hardware stack levels required when called:    1
 This function calls:
		_clcd_write
 This function is called by:
		_init_clcd
 This function uses a non-reentrant model


 *************** function _init_adc *****************
 Defined at:
		line 11 in file "adc.c"
 Parameters:    Size  Location     Type
		None
 Auto vars:     Size  Location     Type
		None
 Return value:  Size  Location     Type
                  1    wreg      void 
 Registers used:
		None
 Tracked objects:
		On entry : 
		On exit  : 
		Unchanged: 
 Data sizes:     COMMON   BANK0   BANK1   BANK3   BANK2
      Params:         0       0       0       0       0
      Locals:         0       0       0       0       0
      Temps:          0       0       0       0       0
      Totals:         0       0       0       0       0
Total ram usage:        0 bytes
 Hardware stack levels used:    1
 This function calls:
		Nothing
 This function is called by:
		_init_config
 This function uses a non-reentrant model


 *************** function _display *****************
 Defined at:
		line 16 in file "main.c"
 Parameters:    Size  Location     Type
  adc_reg_val     2    7[COMMON] unsigned short 
 Auto vars:     Size  Location     Type
  buff            8    0[BANK0 ] unsigned char [8]
  i               2    8[BANK0 ] int 
 Return value:  Size  Location     Type
                  1    wreg      void 
 Registers used:
		wreg, fsr0l, fsr0h, status,2, status,0, btemp+1, pclath, cstack
 Tracked objects:
		On entry : 
		On exit  : 
		Unchanged: 
 Data sizes:     COMMON   BANK0   BANK1   BANK3   BANK2
      Params:         2       0       0       0       0
      Locals:         0      10       0       0       0
      Temps:          0       0       0       0       0
      Totals:         2      10       0       0       0
Total ram usage:       12 bytes
 Hardware stack levels used:    1
 Hardware stack levels required when called:    2
 This function calls:
		___lwdiv
		___lwmod
		_clcd_print
 This function is called by:
		_main
 This function uses a non-reentrant model


 *************** function _clcd_print *****************
 Defined at:
		line 70 in file "clcd.c"
 Parameters:    Size  Location     Type
  str             2    4[COMMON] PTR const unsigned char 
		 -> STR_1(13), display@buff(8), 
  addr            1    6[COMMON] unsigned char 
 Auto vars:     Size  Location     Type
		None
 Return value:  Size  Location     Type
                  1    wreg      void 
 Registers used:
		wreg, fsr0l, fsr0h, status,2, status,0, btemp+1, pclath, cstack
 Tracked objects:
		On entry : 
		On exit  : 
		Unchanged: 
 Data sizes:     COMMON   BANK0   BANK1   BANK3   BANK2
      Params:         3       0       0       0       0
      Locals:         0       0       0       0       0
      Temps:          0       0       0       0       0
      Totals:         3       0       0       0       0
Total ram usage:        3 bytes
 Hardware stack levels used:    1
 Hardware stack levels required when called:    1
 This function calls:
		_clcd_write
 This function is called by:
		_display
		_init_config
 This function uses a non-reentrant model


 *************** function _clcd_write *****************
 Defined at:
		line 12 in file "clcd.c"
 Parameters:    Size  Location     Type
  byte            1    wreg     unsigned char 
  mode            1    0[COMMON] unsigned char 
 Auto vars:     Size  Location     Type
  byte            1    3[COMMON] unsigned char 
 Return value:  Size  Location     Type
                  1    wreg      void 
 Registers used:
		wreg, status,2, status,0
 Tracked objects:
		On entry : 
		On exit  : 
		Unchanged: 
 Data sizes:     COMMON   BANK0   BANK1   BANK3   BANK2
      Params:         1       0       0       0       0
      Locals:         1       0       0       0       0
      Temps:          2       0       0       0       0
      Totals:         4       0       0       0       0
Total ram usage:        4 bytes
 Hardware stack levels used:    1
 This function calls:
		Nothing
 This function is called by:
		_init_display_controller
		_clcd_print
		_clcd_putch
 This function uses a non-reentrant model


 *************** function ___lwmod *****************
 Defined at:
		line 5 in file "/opt/microchip/xc8/v2.20/pic/sources/c90/common/lwmod.c"
 Parameters:    Size  Location     Type
  divisor         2    0[COMMON] unsigned int 
  dividend        2    2[COMMON] unsigned int 
 Auto vars:     Size  Location     Type
  counter         1    4[COMMON] unsigned char 
 Return value:  Size  Location     Type
                  2    0[COMMON] unsigned int 
 Registers used:
		wreg, status,2, status,0, btemp+1
 Tracked objects:
		On entry : 
		On exit  : 
		Unchanged: 
 Data sizes:     COMMON   BANK0   BANK1   BANK3   BANK2
      Params:         4       0       0       0       0
      Locals:         1       0       0       0       0
      Temps:          0       0       0       0       0
      Totals:         5       0       0       0       0
Total ram usage:        5 bytes
 Hardware stack levels used:    1
 This function calls:
		Nothing
 This function is called by:
		_display
 This function uses a non-reentrant model


 *************** function ___lwdiv *****************
 Defined at:
		line 5 in file "/opt/microchip/xc8/v2.20/pic/sources/c90/common/lwdiv.c"
 Parameters:    Size  Location     Type
  divisor         2    0[COMMON] unsigned int 
  dividend        2    2[COMMON] unsigned int 
 Auto vars:     Size  Location     Type
  quotient        2    4[COMMON] unsigned int 
  counter         1    6[COMMON] unsigned char 
 Return value:  Size  Location     Type
                  2    0[COMMON] unsigned int 
 Registers used:
		wreg, status,2, status,0, btemp+1
 Tracked objects:
		On entry : 
		On exit  : 
		Unchanged: 
 Data sizes:     COMMON   BANK0   BANK1   BANK3   BANK2
      Params:         4       0       0       0       0
      Locals:         3       0       0       0       0
      Temps:          0       0       0       0       0
      Totals:         7       0       0       0       0
Total ram usage:        7 bytes
 Hardware stack levels used:    1
 This function calls:
		Nothing
 This function is called by:
		_display
 This function uses a non-reentrant model


 *************** function ___xxtofl *****************
 Defined at:
		line 10 in file "/opt/microchip/xc8/v2.20/pic/sources/c90/common/xxtofl.c"
 Parameters:    Size  Location     Type
  sign            1    wreg     unsigned char 
  val             4    0[COMMON] long 
 Auto vars:     Size  Location     Type
  sign            1    8[COMMON] unsigned char 
  arg             4   10[COMMON] unsigned long 
  exp             1    9[COMMON] unsigned char 
 Return value:  Size  Location     Type
                  4    0[COMMON] unsigned char 
 Registers used:
		wreg, status,2, status,0, btemp+1
 Tracked objects:
		On entry : 
		On exit  : 
		Unchanged: 
 Data sizes:     COMMON   BANK0   BANK1   BANK3   BANK2
      Params:         4       0       0       0       0
      Locals:         6       0       0       0       0
      Temps:          4       0       0       0       0
      Totals:        14       0       0       0       0
Total ram usage:       14 bytes
 Hardware stack levels used:    1
 This function calls:
		Nothing
 This function is called by:
		_main
 This function uses a non-reentrant model


 *************** function ___fltol *****************
 Defined at:
		line 43 in file "/opt/microchip/xc8/v2.20/pic/sources/c90/common/fltol.c"
 Parameters:    Size  Location     Type
  f1              4   26[BANK0 ] unsigned char 
 Auto vars:     Size  Location     Type
  exp1            1   35[BANK0 ] unsigned char 
  sign1           1   34[BANK0 ] unsigned char 
 Return value:  Size  Location     Type
                  4   26[BANK0 ] long 
 Registers used:
		wreg, status,2, status,0, btemp+1
 Tracked objects:
		On entry : 
		On exit  : 
		Unchanged: 
 Data sizes:     COMMON   BANK0   BANK1   BANK3   BANK2
      Params:         0       4       0       0       0
      Locals:         0       2       0       0       0
      Temps:          0       4       0       0       0
      Totals:         0      10       0       0       0
Total ram usage:       10 bytes
 Hardware stack levels used:    1
 This function calls:
		Nothing
 This function is called by:
		_main
 This function uses a non-reentrant model


 *************** function ___flmul *****************
 Defined at:
		line 8 in file "/opt/microchip/xc8/v2.20/pic/sources/c90/common/sprcmul.c"
 Parameters:    Size  Location     Type
  b               4    0[BANK0 ] long 
  a               4    4[BANK0 ] long 
 Auto vars:     Size  Location     Type
  prod            4   20[BANK0 ] struct .
  grs             4   14[BANK0 ] unsigned long 
  temp            2   24[BANK0 ] struct .
  bexp            1   19[BANK0 ] unsigned char 
  aexp            1   18[BANK0 ] unsigned char 
  sign            1   13[BANK0 ] unsigned char 
 Return value:  Size  Location     Type
                  4    0[BANK0 ] unsigned char 
 Registers used:
		wreg, status,2, status,0, btemp+1, pclath, cstack
 Tracked objects:
		On entry : 
		On exit  : 
		Unchanged: 
 Data sizes:     COMMON   BANK0   BANK1   BANK3   BANK2
      Params:         0       8       0       0       0
      Locals:         0      13       0       0       0
      Temps:          0       5       0       0       0
      Totals:         0      26       0       0       0
Total ram usage:       26 bytes
 Hardware stack levels used:    1
 Hardware stack levels required when called:    1
 This function calls:
		__Umul8_16
 This function is called by:
		_main
 This function uses a non-reentrant model


 *************** function __Umul8_16 *****************
 Defined at:
		line 4 in file "/opt/microchip/xc8/v2.20/pic/sources/c90/common/Umul8_16.c"
 Parameters:    Size  Location     Type
  multiplier      1    wreg     unsigned char 
  multiplicand    1    0[COMMON] unsigned char 
 Auto vars:     Size  Location     Type
  multiplier      1    8[COMMON] unsigned char 
  word_mpld       2    6[COMMON] unsigned int 
  product         2    4[COMMON] unsigned int 
 Return value:  Size  Location     Type
                  2    0[COMMON] unsigned int 
 Registers used:
		wreg, status,2, status,0
 Tracked objects:
		On entry : 
		On exit  : 
		Unchanged: 
 Data sizes:     COMMON   BANK0   BANK1   BANK3   BANK2
      Params:         2       0       0       0       0
      Locals:         5       0       0       0       0
      Temps:          2       0       0       0       0
      Totals:         9       0       0       0       0
Total ram usage:        9 bytes
 Hardware stack levels used:    1
 This function calls:
		Nothing
 This function is called by:
		___flmul
 This function uses a non-reentrant model



MODULE INFORMATION

Module		Function		Class		Link	Load	Size
/opt/microchip/xc8/v2.20/pic/sources/c90/common/sprcmul.c
		___flmul       		CODE           	049B	0000	866

/opt/microchip/xc8/v2.20/pic/sources/c90/common/sprcmul.c estimated size: 866

/opt/microchip/xc8/v2.20/pic/sources/c90/common/lwdiv.c
		___lwdiv       		CODE           	0206	0000	69

/opt/microchip/xc8/v2.20/pic/sources/c90/common/lwdiv.c estimated size: 69

adc.c
		_init_adc      		CODE           	00F7	0000	8
		_read_adc      		CODE           	0121	0000	32

adc.c estimated size: 40

shared
		__stringtab    		STRING         	0003	0000	17
		__initialization		CODE           	07FC	0000	1

shared estimated size: 18

/opt/microchip/xc8/v2.20/pic/sources/c90/common/xxtofl.c
		___xxtofl      		CODE           	03E1	0000	187

/opt/microchip/xc8/v2.20/pic/sources/c90/common/xxtofl.c estimated size: 187

clcd.c
		_clcd_write    		CODE           	0196	0000	55
		_clcd_print    		CODE           	0167	0000	48
		_init_display_controller		CODE           	0302	0000	100
		_init_clcd     		CODE           	00FE	0000	12

clcd.c estimated size: 215

/opt/microchip/xc8/v2.20/pic/sources/c90/common/lwmod.c
		___lwmod       		CODE           	01CC	0000	59

/opt/microchip/xc8/v2.20/pic/sources/c90/common/lwmod.c estimated size: 59

/opt/microchip/xc8/v2.20/pic/sources/c90/common/Umul8_16.c
		__Umul8_16     		CODE           	0140	0000	40

/opt/microchip/xc8/v2.20/pic/sources/c90/common/Umul8_16.c estimated size: 40

main.c
		_display       		CODE           	02A0	0000	99
		_main          		CODE           	024A	0000	87
		_init_config   		CODE           	0109	0000	25

main.c estimated size: 211

/opt/microchip/xc8/v2.20/pic/sources/c90/common/fltol.c
		___fltol       		CODE           	0365	0000	125

/opt/microchip/xc8/v2.20/pic/sources/c90/common/fltol.c estimated size: 125

