Microchip MPLAB XC8 Compiler V2.20

Linker command line:

-W-3 --edf=/opt/microchip/xc8/v2.20/pic/dat/en_msgs.txt -cn \
  -h+dist/default/production/A14.X.production.sym \
  --cmf=dist/default/production/A14.X.production.cmf -z -Q16F877A \
  -o/tmp/xcXoAJaMa --defsym=__MPLAB_BUILD=1 \
  -Mdist/default/production/A14.X.production.map -E1 -ver=XC8 Compiler \
  --acfsm=1493 -ASTACK=0110h-016Fh -pstack=STACK -ACODE=00h-07FFhx4 \
  -ASTRCODE=00h-01FFFh -ASTRING=00h-0FFhx32 -ACONST=00h-0FFhx32 \
  -AENTRY=00h-0FFhx32 -ACOMMON=070h-07Fh -ABANK0=020h-06Fh \
  -ABANK1=0A0h-0EFh -ABANK2=0110h-016Fh -ABANK3=0190h-01EFh \
  -ARAM=020h-06Fh,0A0h-0EFh,0110h-016Fh,0190h-01EFh \
  -AABS1=020h-07Fh,0A0h-0EFh,0110h-016Fh,0190h-01EFh -ASFR0=00h-01Fh \
  -ASFR1=080h-09Fh -ASFR2=0100h-010Fh -ASFR3=0180h-018Fh \
  -ACONFIG=02007h-02007h -DCONFIG=2 -AIDLOC=02000h-02003h -DIDLOC=2 \
  -preset_vec=00h,intentry,init,end_init -ppowerup=CODE -pcinit=CODE \
  -pfunctab=ENTRY -AEEDATA=00h-0FFh/02100h -peeprom_data=EEDATA -DEEDATA=2 \
  -DCODE=2 -DSTRCODE=2 -DSTRING=2 -DCONST=2 -DENTRY=2 -k /tmp/xcXOpJGLc.o \
  dist/default/production/A14.X.production.o 

Object code version is 3.11

Machine type is 16F877A



                Name                               Link     Load   Length Selector   Space Scale
/tmp/xcXOpJGLc.o
                end_init                              0        0        3        0       0
                config                             2007     2007        1        0       4
dist/default/production/A14.X.production.o
                cinit                               7E4      7E4       1C      FC8       0
                config                             2007     2007        1        0       4
                text18                              47D      47D       54      8FA       0
                text17                              3A4      3A4       25      748       0
                text16                              4D1      4D1       56      9A2       0
                text15                              2F6      2F6        D      5EC       0
                text14                              381      381       23      702       0
                text13                              2C4      2C4        9      588       0
                text12                              2CD      2CD        9      59A       0
                text11                              2D6      2D6        9      5AC       0
                text10                              2DF      2DF        B      5BE       0
                text9                               3C9      3C9       2D      792       0
                text8                               361      361       20      6C2       0
                text7                               327      327       1B      64E       0
                text6                               2BE      2BE        6      57C       0
                text5                               527      527       68      A4E       0
                text4                               3F6      3F6       34      7EC       0
                text3                               2EA      2EA        C      5D4       0
                text2                               342      342       1F      684       0
                text1                               42A      42A       53      854       0
                maintext                            58F      58F      255      B1E       0
                cstackBANK0                          20       20       21       20       1
                cstackCOMMON                         70       70        E       70       1
                inittext                            314      314       13      628       0
                dataBANK0                            41       41       11       20       1
                bssBANK0                             52       52        A       20       1
                idataBANK0                          303      303       11      606       0

TOTAL           Name                               Link     Load   Length     Space
        CLASS   STACK          

        CLASS   CODE           
                end_init                              0        0        3         0
                cinit                               7E4      7E4       1C         0
                text18                              47D      47D       54         0
                text17                              3A4      3A4       25         0
                text16                              4D1      4D1       56         0
                text15                              2F6      2F6        D         0
                text14                              381      381       23         0
                text13                              2C4      2C4        9         0
                text12                              2CD      2CD        9         0
                text11                              2D6      2D6        9         0
                text10                              2DF      2DF        B         0
                text9                               3C9      3C9       2D         0
                text8                               361      361       20         0
                text7                               327      327       1B         0
                text6                               2BE      2BE        6         0
                text5                               527      527       68         0
                text4                               3F6      3F6       34         0
                text3                               2EA      2EA        C         0
                text2                               342      342       1F         0
                text1                               42A      42A       53         0
                maintext                            58F      58F      255         0
                inittext                            314      314       13         0
                idataBANK0                          303      303       11         0

        CLASS   STRCODE        

        CLASS   STRING         

        CLASS   CONST          

        CLASS   ENTRY          

        CLASS   COMMON         
                cstackCOMMON                         70       70        E         1

        CLASS   BANK0          
                cstackBANK0                          20       20       21         1
                dataBANK0                            41       41       11         1
                bssBANK0                             52       52        A         1

        CLASS   BANK1          

        CLASS   BANK2          

        CLASS   BANK3          

        CLASS   RAM            

        CLASS   ABS1           
                abs_s1                               7E       7E        2         1

        CLASS   SFR0           

        CLASS   SFR1           

        CLASS   SFR2           

        CLASS   SFR3           

        CLASS   CONFIG         
                config                             2007     2007        1         4

        CLASS   IDLOC          

        CLASS   EEDATA         



SEGMENTS        Name                           Load    Length   Top    Selector   Space  Class     Delta

                text17                         0003A4  000025  0003C9       748       0  CODE        2
                text9                          0003C9  00002D  0003F6       792       0  CODE        2
                text14                         000381  000023  0003A4       702       0  CODE        2
                text2                          000342  00001F  000361       684       0  CODE        2
                text8                          000361  000020  000381       6C2       0  CODE        2
                text16                         0004D1  000056  000527       9A2       0  CODE        2
                text5                          000527  000068  00058F       A4E       0  CODE        2
                text18                         00047D  000054  0004D1       8FA       0  CODE        2
                text4                          0003F6  000034  00042A       7EC       0  CODE        2
                text1                          00042A  000053  00047D       854       0  CODE        2
                text11                         0002D6  000009  0002DF       5AC       0  CODE        2
                text10                         0002DF  00000B  0002EA       5BE       0  CODE        2
                text12                         0002CD  000009  0002D6       59A       0  CODE        2
                text6                          0002BE  000006  0002C4       57C       0  CODE        2
                text13                         0002C4  000009  0002CD       588       0  CODE        2
                inittext                       000314  000013  000327       628       0  CODE        2
                text7                          000327  00001B  000342       64E       0  CODE        2
                idataBANK0                     000303  000011  000314       606       0  CODE        2
                text3                          0002EA  00000C  0002F6       5D4       0  CODE        2
                text15                         0002F6  00000D  000303       5EC       0  CODE        2
                cstackCOMMON                   000070  00000E  00007E        70       1  COMMON      1
                reset_vec                      000000  000003  000003         0       0  CODE        2
                cinit                          0007E4  00001C  000800       FC8       0  CODE        2
                maintext                       00058F  000255  0007E4       B1E       0  CODE        2
                cstackBANK0                    000020  00003C  00005C        20       1  BANK0       1


UNUSED ADDRESS RANGES

        Name                Unused          Largest block    Delta
        BANK0            005C-006F             14           1
        BANK1            00A0-00EF             50           1
        BANK2            0110-016F             60           1
        BANK3            0190-01EF             60           1
        CODE             0003-02BD            2BB           2
                         0800-1FFF            800
        CONST            0003-02BD            100           2
                         0800-1FFF            100
        EEDATA           2100-21FF            100           2
        ENTRY            0003-02BD            100           2
                         0800-1FFF            100
        IDLOC            2000-2003              4           2
        RAM              005C-006F             14           1
                         00A0-00EF             50
                         0110-016F             60
                         0190-01EF             60
        SFR0             0000-001F             20           1
        SFR1             0080-009F             20           1
        SFR2             0100-010F             10           1
        SFR3             0180-018F             10           1
        STACK            0110-016F             60           1
        STRCODE          0003-02BD            2BB           2
                         0800-1FFF           1800
        STRING           0003-02BD            100           2
                         0800-1FFF            100

                                  Symbol Table

?___lldiv                     cstackBANK0  0020
?___llmod                     cstackCOMMON 0070
?___wmul                      cstackCOMMON 0074
_ACKDT                        (abs)        048D
_ACKEN                        (abs)        048C
_ACKSTAT                      (abs)        048E
_PEN                          (abs)        048A
_PORTA                        (abs)        0005
_PORTB                        (abs)        0006
_PORTD                        (abs)        0008
_RCEN                         (abs)        048B
_RSEN                         (abs)        0489
_R_nW                         (abs)        04A2
_SEN                          (abs)        0488
_SSPADD                       (abs)        0093
_SSPBUF                       (abs)        0013
_SSPCON2                      (abs)        0091
_SSPEN                        (abs)        00A5
_SSPM3                        (abs)        00A3
_TRISA                        (abs)        0085
_TRISB                        (abs)        0086
_TRISD                        (abs)        0088
__Habs1                       abs1         0000
__Hbank0                      bank0        0000
__Hbank1                      bank1        0000
__Hbank2                      bank2        0000
__Hbank3                      bank3        0000
__HbssBANK0                   bssBANK0     0000
__Hcinit                      cinit        0800
__Hclrtext                    clrtext      0000
__Hcode                       code         0000
__Hcommon                     common       0000
__Hconfig                     config       2008
__HcstackBANK0                cstackBANK0  0000
__HcstackCOMMON               cstackCOMMON 0000
__HdataBANK0                  dataBANK0    0000
__Heeprom_data                eeprom_data  0000
__Hend_init                   end_init     0003
__Hfunctab                    functab      0000
__HidataBANK0                 idataBANK0   0000
__Hinit                       init         0000
__Hinittext                   inittext     0000
__Hintentry                   intentry     0000
__Hmaintext                   maintext     0000
__Hpowerup                    powerup      0000
__Hram                        ram          0000
__Hreset_vec                  reset_vec    0000
__Hsfr0                       sfr0         0000
__Hsfr1                       sfr1         0000
__Hsfr2                       sfr2         0000
__Hsfr3                       sfr3         0000
__Hspace_0                    (abs)        0800
__Hspace_1                    (abs)        007E
__Hspace_2                    (abs)        0000
__Hspace_3                    (abs)        0000
__Hspace_4                    (abs)        400F
__Hstack                      stack        0000
__Hstrings                    strings      0000
__Htext                       text         0000
__Labs1                       abs1         0000
__Lbank0                      bank0        0000
__Lbank1                      bank1        0000
__Lbank2                      bank2        0000
__Lbank3                      bank3        0000
__LbssBANK0                   bssBANK0     0000
__Lcinit                      cinit        07E4
__Lclrtext                    clrtext      0000
__Lcode                       code         0000
__Lcommon                     common       0000
__Lconfig                     config       0000
__LcstackBANK0                cstackBANK0  0000
__LcstackCOMMON               cstackCOMMON 0000
__LdataBANK0                  dataBANK0    0000
__Leeprom_data                eeprom_data  0000
__Lend_init                   end_init     0000
__Lfunctab                    functab      0000
__LidataBANK0                 idataBANK0   0000
__Linit                       init         0000
__Linittext                   inittext     0000
__Lintentry                   intentry     0000
__Lmaintext                   maintext     0000
__Lpowerup                    powerup      0000
__Lram                        ram          0000
__Lreset_vec                  reset_vec    0000
__Lsfr0                       sfr0         0000
__Lsfr1                       sfr1         0000
__Lsfr2                       sfr2         0000
__Lsfr3                       sfr3         0000
__Lspace_0                    (abs)        0000
__Lspace_1                    (abs)        0000
__Lspace_2                    (abs)        0000
__Lspace_3                    (abs)        0000
__Lspace_4                    (abs)        0000
__Lstack                      stack        0000
__Lstrings                    strings      0000
__Ltext                       text         0000
__S0                          (abs)        0800
__S1                          (abs)        007E
__S2                          (abs)        0000
__S3                          (abs)        0000
___int_sp                     stack        0000
___latbits                    (abs)        0002
___lldiv                      text5        0527
___lldiv@counter              cstackBANK0  002C
___lldiv@dividend             cstackBANK0  0024
___lldiv@divisor              cstackBANK0  0020
___lldiv@quotient             cstackBANK0  0028
___llmod                      text18       047D
___llmod@counter              cstackCOMMON 0079
___llmod@dividend             cstackCOMMON 0074
___llmod@divisor              cstackCOMMON 0070
___sp                         stack        0000
___stackhi                    (abs)        0000
___stacklo                    (abs)        0000
___wmul                       text17       03A4
___wmul@multiplicand          cstackCOMMON 0076
___wmul@multiplier            cstackCOMMON 0074
___wmul@product               cstackCOMMON 0078
__end_of___lldiv              text5        058F
__end_of___llmod              text18       04D1
__end_of___wmul               text17       03C9
__end_of__initialization      cinit        07FC
__end_of_display              text16       0527
__end_of_i2c_read             text14       03A4
__end_of_i2c_rep_start        text13       02CD
__end_of_i2c_start            text12       02D6
__end_of_i2c_stop             text11       02DF
__end_of_i2c_wait_for_idle    text15       0303
__end_of_i2c_write            text10       02EA
__end_of_init_AT24C04         text7        0342
__end_of_init_config          text2        0361
__end_of_init_digital_keypad  text6        02C4
__end_of_init_i2c             text4        042A
__end_of_init_ssd             text3        02F6
__end_of_main                 maintext     07E4
__end_of_read_AT24C04         text9        03F6
__end_of_read_digital_keypad  text1        047D
__end_of_write_AT24C04        text8        0381
__initialization              cinit        07E4
__pbssBANK0                   bssBANK0     0052
__pcstackBANK0                cstackBANK0  0020
__pcstackCOMMON               cstackCOMMON 0070
__pdataBANK0                  dataBANK0    0041
__pidataBANK0                 idataBANK0   0303
__pmaintext                   maintext     058F
__ptext1                      text1        042A
__ptext10                     text10       02DF
__ptext11                     text11       02D6
__ptext12                     text12       02CD
__ptext13                     text13       02C4
__ptext14                     text14       0381
__ptext15                     text15       02F6
__ptext16                     text16       04D1
__ptext17                     text17       03A4
__ptext18                     text18       047D
__ptext2                      text2        0342
__ptext3                      text3        02EA
__ptext4                      text4        03F6
__ptext5                      text5        0527
__ptext6                      text6        02BE
__ptext7                      text7        0327
__ptext8                      text8        0361
__ptext9                      text9        03C9
__size_of___lldiv             (abs)        0000
__size_of___llmod             (abs)        0000
__size_of___wmul              (abs)        0000
__size_of_display             (abs)        0000
__size_of_i2c_read            (abs)        0000
__size_of_i2c_rep_start       (abs)        0000
__size_of_i2c_start           (abs)        0000
__size_of_i2c_stop            (abs)        0000
__size_of_i2c_wait_for_idle   (abs)        0000
__size_of_i2c_write           (abs)        0000
__size_of_init_AT24C04        (abs)        0000
__size_of_init_config         (abs)        0000
__size_of_init_digital_keypad (abs)        0000
__size_of_init_i2c            (abs)        0000
__size_of_init_ssd            (abs)        0000
__size_of_main                (abs)        0000
__size_of_read_AT24C04        (abs)        0000
__size_of_read_digital_keypad (abs)        0000
__size_of_write_AT24C04       (abs)        0000
_count                        bssBANK0     005A
_display                      text16       04D1
_i2c_read                     text14       0381
_i2c_rep_start                text13       02C4
_i2c_start                    text12       02CD
_i2c_stop                     text11       02D6
_i2c_wait_for_idle            text15       02F6
_i2c_write                    text10       02DF
_init_AT24C04                 text7        0327
_init_config                  text2        0342
_init_digital_keypad          text6        02BE
_init_i2c                     text4        03F6
_init_ssd                     text3        02EA
_main                         maintext     058F
_read_AT24C04                 text9        03C9
_read_digital_keypad          text1        042A
_write_AT24C04                text8        0361
btemp                         (abs)        007E
display@data                  cstackCOMMON 0078
display@digit                 cstackCOMMON 0079
display@wait                  cstackCOMMON 0074
end_of_initialization         cinit        07FC
i2c_read@ack                  cstackCOMMON 0070
i2c_read@data                 cstackCOMMON 0071
i2c_write@data                cstackCOMMON 0070
init_AT24C04@dummy            cstackCOMMON 007C
init_fetch0                   inittext     0314
init_i2c@baud                 cstackBANK0  002D
init_ram0                     inittext     0318
intlevel0                     functab      0000
intlevel1                     functab      0000
intlevel2                     functab      0000
intlevel3                     functab      0000
intlevel4                     functab      0000
intlevel5                     functab      0000
main@count                    bssBANK0     0056
main@digit                    dataBANK0    0041
main@flag                     bssBANK0     0052
main@key                      cstackCOMMON 007D
main@ssd                      dataBANK0    004E
read_AT24C04@addr             cstackCOMMON 0072
read_AT24C04@data             cstackCOMMON 0073
read_digital_keypad@mode      cstackCOMMON 0071
read_digital_keypad@once      dataBANK0    004D
reset_vec                     reset_vec    0000
start                         init         0000
start_initialization          cinit        07E4
write_AT24C04@addr            cstackCOMMON 007B
write_AT24C04@data            cstackBANK0  002D
wtemp0                        (abs)        007E


FUNCTION INFORMATION:

 *************** function _main *****************
 Defined at:
		line 26 in file "main.c"
 Parameters:    Size  Location     Type
		None
 Auto vars:     Size  Location     Type
  key             1   13[COMMON] unsigned char 
 Return value:  Size  Location     Type
                  1    wreg      void 
 Registers used:
		wreg, fsr0l, fsr0h, status,2, status,0, btemp+1, pclath, cstack
 Tracked objects:
		On entry : 
		On exit  : 
		Unchanged: 
 Data sizes:     COMMON   BANK0   BANK1   BANK3   BANK2
      Params:         0       0       0       0       0
      Locals:         1       0       0       0       0
      Temps:          0      12       0       0       0
      Totals:         1      12       0       0       0
Total ram usage:       13 bytes
 Hardware stack levels required when called:    5
 This function calls:
		___lldiv
		___llmod
		___wmul
		_display
		_init_config
		_read_AT24C04
		_read_digital_keypad
		_write_AT24C04
 This function is called by:
		Startup code after reset
 This function uses a non-reentrant model


 *************** function _read_digital_keypad *****************
 Defined at:
		line 20 in file "digital_keypad.c"
 Parameters:    Size  Location     Type
  mode            1    wreg     unsigned char 
 Auto vars:     Size  Location     Type
  mode            1    1[COMMON] unsigned char 
 Return value:  Size  Location     Type
                  1    wreg      unsigned char 
 Registers used:
		wreg, status,2, status,0, btemp+1
 Tracked objects:
		On entry : 
		On exit  : 
		Unchanged: 
 Data sizes:     COMMON   BANK0   BANK1   BANK3   BANK2
      Params:         0       0       0       0       0
      Locals:         1       0       0       0       0
      Temps:          1       0       0       0       0
      Totals:         2       0       0       0       0
Total ram usage:        2 bytes
 Hardware stack levels used:    1
 This function calls:
		Nothing
 This function is called by:
		_main
 This function uses a non-reentrant model


 *************** function _init_config *****************
 Defined at:
		line 17 in file "main.c"
 Parameters:    Size  Location     Type
		None
 Auto vars:     Size  Location     Type
		None
 Return value:  Size  Location     Type
                  1    wreg      void 
 Registers used:
		wreg, status,2, status,0, btemp+1, pclath, cstack
 Tracked objects:
		On entry : 
		On exit  : 
		Unchanged: 
 Data sizes:     COMMON   BANK0   BANK1   BANK3   BANK2
      Params:         0       0       0       0       0
      Locals:         0       0       0       0       0
      Temps:          0       0       0       0       0
      Totals:         0       0       0       0       0
Total ram usage:        0 bytes
 Hardware stack levels used:    1
 Hardware stack levels required when called:    4
 This function calls:
		_init_AT24C04
		_init_digital_keypad
		_init_i2c
		_init_ssd
 This function is called by:
		_main
 This function uses a non-reentrant model


 *************** function _init_ssd *****************
 Defined at:
		line 13 in file "ssd.c"
 Parameters:    Size  Location     Type
		None
 Auto vars:     Size  Location     Type
		None
 Return value:  Size  Location     Type
                  1    wreg      void 
 Registers used:
		wreg, status,2
 Tracked objects:
		On entry : 
		On exit  : 
		Unchanged: 
 Data sizes:     COMMON   BANK0   BANK1   BANK3   BANK2
      Params:         0       0       0       0       0
      Locals:         0       0       0       0       0
      Temps:          0       0       0       0       0
      Totals:         0       0       0       0       0
Total ram usage:        0 bytes
 Hardware stack levels used:    1
 This function calls:
		Nothing
 This function is called by:
		_init_config
 This function uses a non-reentrant model


 *************** function _init_i2c *****************
 Defined at:
		line 12 in file "i2c.c"
 Parameters:    Size  Location     Type
  baud            4   13[BANK0 ] unsigned long 
 Auto vars:     Size  Location     Type
		None
 Return value:  Size  Location     Type
                  1    wreg      void 
 Registers used:
		wreg, status,2, status,0, btemp+1, pclath, cstack
 Tracked objects:
		On entry : 
		On exit  : 
		Unchanged: 
 Data sizes:     COMMON   BANK0   BANK1   BANK3   BANK2
      Params:         0       4       0       0       0
      Locals:         0       0       0       0       0
      Temps:          0       4       0       0       0
      Totals:         0       8       0       0       0
Total ram usage:        8 bytes
 Hardware stack levels used:    1
 Hardware stack levels required when called:    1
 This function calls:
		___lldiv
 This function is called by:
		_init_config
 This function uses a non-reentrant model


 *************** function ___lldiv *****************
 Defined at:
		line 5 in file "/opt/microchip/xc8/v2.20/pic/sources/c90/common/__lldiv.c"
 Parameters:    Size  Location     Type
  divisor         4    0[BANK0 ] unsigned long 
  dividend        4    4[BANK0 ] unsigned long 
 Auto vars:     Size  Location     Type
  quotient        4    8[BANK0 ] unsigned long 
  counter         1   12[BANK0 ] unsigned char 
 Return value:  Size  Location     Type
                  4    0[BANK0 ] unsigned long 
 Registers used:
		wreg, status,2, status,0, btemp+1
 Tracked objects:
		On entry : 
		On exit  : 
		Unchanged: 
 Data sizes:     COMMON   BANK0   BANK1   BANK3   BANK2
      Params:         0       8       0       0       0
      Locals:         0       5       0       0       0
      Temps:          1       0       0       0       0
      Totals:         1      13       0       0       0
Total ram usage:       14 bytes
 Hardware stack levels used:    1
 This function calls:
		Nothing
 This function is called by:
		_main
		_init_i2c
 This function uses a non-reentrant model


 *************** function _init_digital_keypad *****************
 Defined at:
		line 14 in file "digital_keypad.c"
 Parameters:    Size  Location     Type
		None
 Auto vars:     Size  Location     Type
		None
 Return value:  Size  Location     Type
                  1    wreg      void 
 Registers used:
		wreg, status,2
 Tracked objects:
		On entry : 
		On exit  : 
		Unchanged: 
 Data sizes:     COMMON   BANK0   BANK1   BANK3   BANK2
      Params:         0       0       0       0       0
      Locals:         0       0       0       0       0
      Temps:          0       0       0       0       0
      Totals:         0       0       0       0       0
Total ram usage:        0 bytes
 Hardware stack levels used:    1
 This function calls:
		Nothing
 This function is called by:
		_init_config
 This function uses a non-reentrant model


 *************** function _init_AT24C04 *****************
 Defined at:
		line 12 in file "AT24C04.c"
 Parameters:    Size  Location     Type
		None
 Auto vars:     Size  Location     Type
  dummy           1   12[COMMON] unsigned char 
 Return value:  Size  Location     Type
                  1    wreg      void 
 Registers used:
		wreg, status,2, status,0, btemp+1, pclath, cstack
 Tracked objects:
		On entry : 
		On exit  : 
		Unchanged: 
 Data sizes:     COMMON   BANK0   BANK1   BANK3   BANK2
      Params:         0       0       0       0       0
      Locals:         1       0       0       0       0
      Temps:          0       0       0       0       0
      Totals:         1       0       0       0       0
Total ram usage:        1 bytes
 Hardware stack levels used:    1
 Hardware stack levels required when called:    3
 This function calls:
		_read_AT24C04
		_write_AT24C04
 This function is called by:
		_init_config
 This function uses a non-reentrant model


 *************** function _write_AT24C04 *****************
 Defined at:
		line 36 in file "AT24C04.c"
 Parameters:    Size  Location     Type
  addr            1    wreg     unsigned char 
  data            1   13[BANK0 ] unsigned char 
 Auto vars:     Size  Location     Type
  addr            1   11[COMMON] unsigned char 
 Return value:  Size  Location     Type
                  1    wreg      void 
 Registers used:
		wreg, status,2, status,0, pclath, cstack
 Tracked objects:
		On entry : 
		On exit  : 
		Unchanged: 
 Data sizes:     COMMON   BANK0   BANK1   BANK3   BANK2
      Params:         0       1       0       0       0
      Locals:         1       0       0       0       0
      Temps:          0       0       0       0       0
      Totals:         1       1       0       0       0
Total ram usage:        2 bytes
 Hardware stack levels used:    1
 Hardware stack levels required when called:    2
 This function calls:
		_i2c_start
		_i2c_stop
		_i2c_write
 This function is called by:
		_main
		_init_AT24C04
 This function uses a non-reentrant model


 *************** function _read_AT24C04 *****************
 Defined at:
		line 21 in file "AT24C04.c"
 Parameters:    Size  Location     Type
  addr            1    wreg     unsigned char 
 Auto vars:     Size  Location     Type
  addr            1    2[COMMON] unsigned char 
  data            1    3[COMMON] unsigned char 
 Return value:  Size  Location     Type
                  1    wreg      unsigned char 
 Registers used:
		wreg, status,2, status,0, btemp+1, pclath, cstack
 Tracked objects:
		On entry : 
		On exit  : 
		Unchanged: 
 Data sizes:     COMMON   BANK0   BANK1   BANK3   BANK2
      Params:         0       0       0       0       0
      Locals:         2       0       0       0       0
      Temps:          0       0       0       0       0
      Totals:         2       0       0       0       0
Total ram usage:        2 bytes
 Hardware stack levels used:    1
 Hardware stack levels required when called:    2
 This function calls:
		_i2c_read
		_i2c_rep_start
		_i2c_start
		_i2c_stop
		_i2c_write
 This function is called by:
		_main
		_init_AT24C04
 This function uses a non-reentrant model


 *************** function _i2c_write *****************
 Defined at:
		line 72 in file "i2c.c"
 Parameters:    Size  Location     Type
  data            1    wreg     unsigned char 
 Auto vars:     Size  Location     Type
  data            1    0[COMMON] unsigned char 
 Return value:  Size  Location     Type
                  2   93[None  ] int 
 Registers used:
		wreg, status,2, status,0, pclath, cstack
 Tracked objects:
		On entry : 
		On exit  : 
		Unchanged: 
 Data sizes:     COMMON   BANK0   BANK1   BANK3   BANK2
      Params:         0       0       0       0       0
      Locals:         1       0       0       0       0
      Temps:          0       0       0       0       0
      Totals:         1       0       0       0       0
Total ram usage:        1 bytes
 Hardware stack levels used:    1
 Hardware stack levels required when called:    1
 This function calls:
		_i2c_wait_for_idle
 This function is called by:
		_read_AT24C04
		_write_AT24C04
 This function uses a non-reentrant model


 *************** function _i2c_stop *****************
 Defined at:
		line 42 in file "i2c.c"
 Parameters:    Size  Location     Type
		None
 Auto vars:     Size  Location     Type
		None
 Return value:  Size  Location     Type
                  1    wreg      void 
 Registers used:
		wreg, status,2, status,0, pclath, cstack
 Tracked objects:
		On entry : 
		On exit  : 
		Unchanged: 
 Data sizes:     COMMON   BANK0   BANK1   BANK3   BANK2
      Params:         0       0       0       0       0
      Locals:         0       0       0       0       0
      Temps:          0       0       0       0       0
      Totals:         0       0       0       0       0
Total ram usage:        0 bytes
 Hardware stack levels used:    1
 Hardware stack levels required when called:    1
 This function calls:
		_i2c_wait_for_idle
 This function is called by:
		_read_AT24C04
		_write_AT24C04
 This function uses a non-reentrant model


 *************** function _i2c_start *****************
 Defined at:
		line 30 in file "i2c.c"
 Parameters:    Size  Location     Type
		None
 Auto vars:     Size  Location     Type
		None
 Return value:  Size  Location     Type
                  1    wreg      void 
 Registers used:
		wreg, status,2, status,0, pclath, cstack
 Tracked objects:
		On entry : 
		On exit  : 
		Unchanged: 
 Data sizes:     COMMON   BANK0   BANK1   BANK3   BANK2
      Params:         0       0       0       0       0
      Locals:         0       0       0       0       0
      Temps:          0       0       0       0       0
      Totals:         0       0       0       0       0
Total ram usage:        0 bytes
 Hardware stack levels used:    1
 Hardware stack levels required when called:    1
 This function calls:
		_i2c_wait_for_idle
 This function is called by:
		_read_AT24C04
		_write_AT24C04
 This function uses a non-reentrant model


 *************** function _i2c_rep_start *****************
 Defined at:
		line 36 in file "i2c.c"
 Parameters:    Size  Location     Type
		None
 Auto vars:     Size  Location     Type
		None
 Return value:  Size  Location     Type
                  1    wreg      void 
 Registers used:
		wreg, status,2, status,0, pclath, cstack
 Tracked objects:
		On entry : 
		On exit  : 
		Unchanged: 
 Data sizes:     COMMON   BANK0   BANK1   BANK3   BANK2
      Params:         0       0       0       0       0
      Locals:         0       0       0       0       0
      Temps:          0       0       0       0       0
      Totals:         0       0       0       0       0
Total ram usage:        0 bytes
 Hardware stack levels used:    1
 Hardware stack levels required when called:    1
 This function calls:
		_i2c_wait_for_idle
 This function is called by:
		_read_AT24C04
 This function uses a non-reentrant model


 *************** function _i2c_read *****************
 Defined at:
		line 48 in file "i2c.c"
 Parameters:    Size  Location     Type
  ack             1    wreg     unsigned char 
 Auto vars:     Size  Location     Type
  ack             1    0[COMMON] unsigned char 
  data            1    1[COMMON] unsigned char 
 Return value:  Size  Location     Type
                  1    wreg      unsigned char 
 Registers used:
		wreg, status,2, status,0, btemp+1, pclath, cstack
 Tracked objects:
		On entry : 
		On exit  : 
		Unchanged: 
 Data sizes:     COMMON   BANK0   BANK1   BANK3   BANK2
      Params:         0       0       0       0       0
      Locals:         2       0       0       0       0
      Temps:          0       0       0       0       0
      Totals:         2       0       0       0       0
Total ram usage:        2 bytes
 Hardware stack levels used:    1
 Hardware stack levels required when called:    1
 This function calls:
		_i2c_wait_for_idle
 This function is called by:
		_read_AT24C04
 This function uses a non-reentrant model


 *************** function _i2c_wait_for_idle *****************
 Defined at:
		line 24 in file "i2c.c"
 Parameters:    Size  Location     Type
		None
 Auto vars:     Size  Location     Type
		None
 Return value:  Size  Location     Type
                  1    wreg      void 
 Registers used:
		wreg, status,2
 Tracked objects:
		On entry : 
		On exit  : 
		Unchanged: 
 Data sizes:     COMMON   BANK0   BANK1   BANK3   BANK2
      Params:         0       0       0       0       0
      Locals:         0       0       0       0       0
      Temps:          0       0       0       0       0
      Totals:         0       0       0       0       0
Total ram usage:        0 bytes
 Hardware stack levels used:    1
 This function calls:
		Nothing
 This function is called by:
		_i2c_start
		_i2c_rep_start
		_i2c_stop
		_i2c_read
		_i2c_write
 This function uses a non-reentrant model


 *************** function _display *****************
 Defined at:
		line 24 in file "ssd.c"
 Parameters:    Size  Location     Type
  data            1    wreg     PTR unsigned char 
		 -> main@ssd(4), 
 Auto vars:     Size  Location     Type
  data            1    8[COMMON] PTR unsigned char 
		 -> main@ssd(4), 
  wait            4    4[COMMON] unsigned long 
  digit           1    9[COMMON] unsigned char 
 Return value:  Size  Location     Type
                  1    wreg      void 
 Registers used:
		wreg, fsr0l, fsr0h, status,2, status,0, btemp+1
 Tracked objects:
		On entry : 
		On exit  : 
		Unchanged: 
 Data sizes:     COMMON   BANK0   BANK1   BANK3   BANK2
      Params:         0       0       0       0       0
      Locals:         6       0       0       0       0
      Temps:          4       0       0       0       0
      Totals:        10       0       0       0       0
Total ram usage:       10 bytes
 Hardware stack levels used:    1
 This function calls:
		Nothing
 This function is called by:
		_main
 This function uses a non-reentrant model


 *************** function ___wmul *****************
 Defined at:
		line 15 in file "/opt/microchip/xc8/v2.20/pic/sources/c90/common/Umul16.c"
 Parameters:    Size  Location     Type
  multiplier      2    4[COMMON] unsigned int 
  multiplicand    2    6[COMMON] unsigned int 
 Auto vars:     Size  Location     Type
  product         2    8[COMMON] unsigned int 
 Return value:  Size  Location     Type
                  2    4[COMMON] unsigned int 
 Registers used:
		wreg, status,2, status,0
 Tracked objects:
		On entry : 
		On exit  : 
		Unchanged: 
 Data sizes:     COMMON   BANK0   BANK1   BANK3   BANK2
      Params:         4       0       0       0       0
      Locals:         2       0       0       0       0
      Temps:          0       0       0       0       0
      Totals:         6       0       0       0       0
Total ram usage:        6 bytes
 Hardware stack levels used:    1
 This function calls:
		Nothing
 This function is called by:
		_main
 This function uses a non-reentrant model


 *************** function ___llmod *****************
 Defined at:
		line 5 in file "/opt/microchip/xc8/v2.20/pic/sources/c90/common/llmod.c"
 Parameters:    Size  Location     Type
  divisor         4    0[COMMON] unsigned long 
  dividend        4    4[COMMON] unsigned long 
 Auto vars:     Size  Location     Type
  counter         1    9[COMMON] unsigned char 
 Return value:  Size  Location     Type
                  4    0[COMMON] unsigned long 
 Registers used:
		wreg, status,2, status,0, btemp+1
 Tracked objects:
		On entry : 
		On exit  : 
		Unchanged: 
 Data sizes:     COMMON   BANK0   BANK1   BANK3   BANK2
      Params:         8       0       0       0       0
      Locals:         1       0       0       0       0
      Temps:          1       0       0       0       0
      Totals:        10       0       0       0       0
Total ram usage:       10 bytes
 Hardware stack levels used:    1
 This function calls:
		Nothing
 This function is called by:
		_main
 This function uses a non-reentrant model



MODULE INFORMATION

Module		Function		Class		Link	Load	Size
ssd.c
		_init_ssd      		CODE           	02EA	0000	13
		_display       		CODE           	04D1	0000	87

ssd.c estimated size: 100

digital_keypad.c
		_init_digital_keypad		CODE           	02BE	0000	7
		_read_digital_keypad		CODE           	042A	0000	84

digital_keypad.c estimated size: 91

/opt/microchip/xc8/v2.20/pic/sources/c90/common/__lldiv.c
		___lldiv       		CODE           	0527	0000	105

/opt/microchip/xc8/v2.20/pic/sources/c90/common/__lldiv.c estimated size: 105

AT24C04.c
		_write_AT24C04 		CODE           	0361	0000	33
		_init_AT24C04  		CODE           	0327	0000	28
		_read_AT24C04  		CODE           	03C9	0000	46

AT24C04.c estimated size: 107

/opt/microchip/xc8/v2.20/pic/sources/c90/common/Umul16.c
		___wmul        		CODE           	03A4	0000	38

/opt/microchip/xc8/v2.20/pic/sources/c90/common/Umul16.c estimated size: 38

i2c.c
		_i2c_start     		CODE           	02CD	0000	10
		_i2c_rep_start 		CODE           	02C4	0000	10
		_i2c_write     		CODE           	02DF	0000	12
		_i2c_stop      		CODE           	02D6	0000	10
		_i2c_read      		CODE           	0381	0000	36
		_init_i2c      		CODE           	03F6	0000	53
		_i2c_wait_for_idle		CODE           	02F6	0000	14

i2c.c estimated size: 145

shared
		__initialization		CODE           	07E4	0000	25

shared estimated size: 25

/opt/microchip/xc8/v2.20/pic/sources/c90/common/llmod.c
		___llmod       		CODE           	047D	0000	85

/opt/microchip/xc8/v2.20/pic/sources/c90/common/llmod.c estimated size: 85

main.c
		_main          		CODE           	058F	0000	598
		_init_config   		CODE           	0342	0000	32

main.c estimated size: 630

