Microchip MPLAB XC8 Compiler V2.20

Linker command line:

-W-3 --edf=/opt/microchip/xc8/v2.20/pic/dat/en_msgs.txt -cn \
  -h+dist/default/production/A11.X.production.sym \
  --cmf=dist/default/production/A11.X.production.cmf -z -Q16F877A \
  -o/tmp/xcXIIIEAo --defsym=__MPLAB_BUILD=1 \
  -Mdist/default/production/A11.X.production.map -E1 -ver=XC8 Compiler \
  --acfsm=1493 -ASTACK=0110h-016Fh -pstack=STACK -ACODE=00h-07FFhx4 \
  -ASTRCODE=00h-01FFFh -ASTRING=00h-0FFhx32 -ACONST=00h-0FFhx32 \
  -AENTRY=00h-0FFhx32 -ACOMMON=070h-07Fh -ABANK0=020h-06Fh \
  -ABANK1=0A0h-0EFh -ABANK2=0110h-016Fh -ABANK3=0190h-01EFh \
  -ARAM=020h-06Fh,0A0h-0EFh,0110h-016Fh,0190h-01EFh \
  -AABS1=020h-07Fh,0A0h-0EFh,0110h-016Fh,0190h-01EFh -ASFR0=00h-01Fh \
  -ASFR1=080h-09Fh -ASFR2=0100h-010Fh -ASFR3=0180h-018Fh \
  -ACONFIG=02007h-02007h -DCONFIG=2 -AIDLOC=02000h-02003h -DIDLOC=2 \
  -preset_vec=00h,intentry,init,end_init -ppowerup=CODE -pcinit=CODE \
  -pfunctab=ENTRY -AEEDATA=00h-0FFh/02100h -peeprom_data=EEDATA -DEEDATA=2 \
  -DCODE=2 -DSTRCODE=2 -DSTRING=2 -DCONST=2 -DENTRY=2 -k /tmp/xcXbnaoHm.o \
  dist/default/production/A11.X.production.o 

Object code version is 3.11

Machine type is 16F877A



                Name                               Link     Load   Length Selector   Space Scale
/tmp/xcXbnaoHm.o
                end_init                              0        0        3        0       0
                config                             2007     2007        1        0       4
dist/default/production/A11.X.production.o
                cinit                               7EE      7EE       12      FDC       0
                config                             2007     2007        1        0       4
                text5                               6E4      6E4       36      DC8       0
                text4                               6B5      6B5       2F      D6A       0
                text3                               71A      71A       63      E34       0
                text2                               68A      68A        B      D14       0
                text1                               684      684        6      D08       0
                maintext                            77D      77D       71      EFA       0
                cstackBANK0                          20       20       12       20       1
                cstackCOMMON                         70       70        B       70       1
                inittext                            6A2      6A2       13      D44       0
                dataBANK0                            32       32        D       20       1
                strings                               3        3       20        6       0
                idataBANK0                          695      695        D      D2A       0

TOTAL           Name                               Link     Load   Length     Space
        CLASS   STACK          

        CLASS   CODE           
                end_init                              0        0        3         0
                cinit                               7EE      7EE       12         0
                text5                               6E4      6E4       36         0
                text4                               6B5      6B5       2F         0
                text3                               71A      71A       63         0
                text2                               68A      68A        B         0
                text1                               684      684        6         0
                maintext                            77D      77D       71         0
                inittext                            6A2      6A2       13         0
                idataBANK0                          695      695        D         0

        CLASS   STRCODE        

        CLASS   STRING         
                strings                               3        3       20         0

        CLASS   CONST          

        CLASS   ENTRY          

        CLASS   COMMON         
                cstackCOMMON                         70       70        B         1

        CLASS   BANK0          
                cstackBANK0                          20       20       12         1
                dataBANK0                            32       32        D         1

        CLASS   BANK1          

        CLASS   BANK2          

        CLASS   BANK3          

        CLASS   RAM            

        CLASS   ABS1           
                abs_s1                               7E       7E        2         1

        CLASS   SFR0           

        CLASS   SFR1           

        CLASS   SFR2           

        CLASS   SFR3           

        CLASS   CONFIG         
                config                             2007     2007        1         4

        CLASS   IDLOC          

        CLASS   EEDATA         



SEGMENTS        Name                           Load    Length   Top    Selector   Space  Class     Delta

                text5                          0006E4  000036  00071A       DC8       0  CODE        2
                inittext                       0006A2  000013  0006B5       D44       0  CODE        2
                strings                        000003  000020  000023         6       0  STRING      2
                text4                          0006B5  00002F  0006E4       D6A       0  CODE        2
                text3                          00071A  000063  00077D       E34       0  CODE        2
                reset_vec                      000000  000003  000003         0       0  CODE        2
                maintext                       00077D  000071  0007EE       EFA       0  CODE        2
                text2                          00068A  00000B  000695       D14       0  CODE        2
                text1                          000684  000006  00068A       D08       0  CODE        2
                idataBANK0                     000695  00000D  0006A2       D2A       0  CODE        2
                cstackBANK0                    000020  00001F  00003F        20       1  BANK0       1
                cinit                          0007EE  000012  000800       FDC       0  CODE        2
                cstackCOMMON                   000070  00000B  00007B        70       1  COMMON      1


UNUSED ADDRESS RANGES

        Name                Unused          Largest block    Delta
        BANK0            003F-006F             31           1
        BANK1            00A0-00EF             50           1
        BANK2            0110-016F             60           1
        BANK3            0190-01EF             60           1
        CODE             0023-0683            661           2
                         0800-1FFF            800
        COMMON           007B-007D              3           1
        CONST            0023-0683            100           2
                         0800-1FFF            100
        EEDATA           2100-21FF            100           2
        ENTRY            0023-0683            100           2
                         0800-1FFF            100
        IDLOC            2000-2003              4           2
        RAM              003F-006F             31           1
                         00A0-00EF             50
                         0110-016F             60
                         0190-01EF             60
        SFR0             0000-001F             20           1
        SFR1             0080-009F             20           1
        SFR2             0100-010F             10           1
        SFR3             0180-018F             10           1
        STACK            0110-016F             60           1
        STRCODE          0023-0683            661           2
                         0800-1FFF           1800
        STRING           0023-0683            100           2
                         0800-1FFF            100

                                  Symbol Table

_PORTD                            (abs)        0008
_RE1                              (abs)        0049
_RE2                              (abs)        004A
_TRISD                            (abs)        0088
_TRISE1                           (abs)        0449
_TRISE2                           (abs)        044A
__Habs1                           abs1         0000
__Hbank0                          bank0        0000
__Hbank1                          bank1        0000
__Hbank2                          bank2        0000
__Hbank3                          bank3        0000
__Hcinit                          cinit        0800
__Hclrtext                        clrtext      0000
__Hcode                           code         0000
__Hcommon                         common       0000
__Hconfig                         config       2008
__HcstackBANK0                    cstackBANK0  0000
__HcstackCOMMON                   cstackCOMMON 0000
__HdataBANK0                      dataBANK0    0000
__Heeprom_data                    eeprom_data  0000
__Hend_init                       end_init     0003
__Hfunctab                        functab      0000
__HidataBANK0                     idataBANK0   0000
__Hinit                           init         0000
__Hinittext                       inittext     0000
__Hintentry                       intentry     0000
__Hmaintext                       maintext     0000
__Hpowerup                        powerup      0000
__Hram                            ram          0000
__Hreset_vec                      reset_vec    0000
__Hsfr0                           sfr0         0000
__Hsfr1                           sfr1         0000
__Hsfr2                           sfr2         0000
__Hsfr3                           sfr3         0000
__Hspace_0                        (abs)        0800
__Hspace_1                        (abs)        007B
__Hspace_2                        (abs)        0000
__Hspace_3                        (abs)        0000
__Hspace_4                        (abs)        400F
__Hstack                          stack        0000
__Hstrings                        strings      0000
__Htext                           text         0000
__Labs1                           abs1         0000
__Lbank0                          bank0        0000
__Lbank1                          bank1        0000
__Lbank2                          bank2        0000
__Lbank3                          bank3        0000
__Lcinit                          cinit        07EE
__Lclrtext                        clrtext      0000
__Lcode                           code         0000
__Lcommon                         common       0000
__Lconfig                         config       0000
__LcstackBANK0                    cstackBANK0  0000
__LcstackCOMMON                   cstackCOMMON 0000
__LdataBANK0                      dataBANK0    0000
__Leeprom_data                    eeprom_data  0000
__Lend_init                       end_init     0000
__Lfunctab                        functab      0000
__LidataBANK0                     idataBANK0   0000
__Linit                           init         0000
__Linittext                       inittext     0000
__Lintentry                       intentry     0000
__Lmaintext                       maintext     0000
__Lpowerup                        powerup      0000
__Lram                            ram          0000
__Lreset_vec                      reset_vec    0000
__Lsfr0                           sfr0         0000
__Lsfr1                           sfr1         0000
__Lsfr2                           sfr2         0000
__Lsfr3                           sfr3         0000
__Lspace_0                        (abs)        0000
__Lspace_1                        (abs)        0000
__Lspace_2                        (abs)        0000
__Lspace_3                        (abs)        0000
__Lspace_4                        (abs)        0000
__Lstack                          stack        0000
__Lstrings                        strings      0000
__Ltext                           text         0000
__S0                              (abs)        0800
__S1                              (abs)        007B
__S2                              (abs)        0000
__S3                              (abs)        0000
___int_sp                         stack        0000
___latbits                        (abs)        0002
___sp                             stack        0000
___stackhi                        (abs)        0000
___stacklo                        (abs)        0000
__end_of__initialization          cinit        07FC
__end_of__stringtab               strings      0013
__end_of_clcd_print               text4        06E4
__end_of_clcd_write               text5        071A
__end_of_init_clcd                text2        0695
__end_of_init_config              text1        068A
__end_of_init_display_controller  text3        077D
__end_of_main                     maintext     07EE
__initialization                  cinit        07EE
__pcstackBANK0                    cstackBANK0  0020
__pcstackCOMMON                   cstackCOMMON 0070
__pdataBANK0                      dataBANK0    0032
__pidataBANK0                     idataBANK0   0695
__pmaintext                       maintext     077D
__pstrings                        strings      0003
__ptext1                          text1        0684
__ptext2                          text2        068A
__ptext3                          text3        071A
__ptext4                          text4        06B5
__ptext5                          text5        06E4
__size_of_clcd_print              (abs)        0000
__size_of_clcd_write              (abs)        0000
__size_of_init_clcd               (abs)        0000
__size_of_init_config             (abs)        0000
__size_of_init_display_controller (abs)        0000
__size_of_main                    (abs)        0000
__stringbase                      strings      0012
__stringtab                       strings      0003
_clcd_print                       text4        06B5
_clcd_write                       text5        06E4
_init_clcd                        text2        068A
_init_config                      text1        0684
_init_display_controller          text3        071A
_main                             maintext     077D
btemp                             (abs)        007E
clcd_print@addr                   cstackCOMMON 0076
clcd_print@str                    cstackCOMMON 0074
clcd_write@byte                   cstackCOMMON 0073
clcd_write@mode                   cstackCOMMON 0070
end_of_initialization             cinit        07FC
init_fetch0                       inittext     06A2
init_ram0                         inittext     06A6
intlevel0                         functab      0000
intlevel1                         functab      0000
intlevel2                         functab      0000
intlevel3                         functab      0000
intlevel4                         functab      0000
intlevel5                         functab      0000
main@F861                         dataBANK0    0032
main@i                            cstackBANK0  0030
main@message                      cstackBANK0  0020
main@temp                         cstackBANK0  002F
main@wait                         cstackBANK0  002D
reset_vec                         reset_vec    0000
start                             init         0000
start_initialization              cinit        07EE
wtemp0                            (abs)        007E


FUNCTION INFORMATION:

 *************** function _main *****************
 Defined at:
		line 19 in file "main.c"
 Parameters:    Size  Location     Type
		None
 Auto vars:     Size  Location     Type
  i               2   16[BANK0 ] int 
  message        13    0[BANK0 ] unsigned char [13]
  wait            2   13[BANK0 ] unsigned int 
  temp            1   15[BANK0 ] unsigned char 
 Return value:  Size  Location     Type
                  1    wreg      void 
 Registers used:
		wreg, fsr0l, fsr0h, status,2, status,0, btemp+1, pclath, cstack
 Tracked objects:
		On entry : 
		On exit  : 
		Unchanged: 
 Data sizes:     COMMON   BANK0   BANK1   BANK3   BANK2
      Params:         0       0       0       0       0
      Locals:         0      18       0       0       0
      Temps:          4       0       0       0       0
      Totals:         4      18       0       0       0
Total ram usage:       22 bytes
 Hardware stack levels required when called:    4
 This function calls:
		_clcd_print
		_init_config
 This function is called by:
		Startup code after reset
 This function uses a non-reentrant model


 *************** function _init_config *****************
 Defined at:
		line 14 in file "main.c"
 Parameters:    Size  Location     Type
		None
 Auto vars:     Size  Location     Type
		None
 Return value:  Size  Location     Type
                  1    wreg      void 
 Registers used:
		wreg, status,2, status,0, pclath, cstack
 Tracked objects:
		On entry : 
		On exit  : 
		Unchanged: 
 Data sizes:     COMMON   BANK0   BANK1   BANK3   BANK2
      Params:         0       0       0       0       0
      Locals:         0       0       0       0       0
      Temps:          0       0       0       0       0
      Totals:         0       0       0       0       0
Total ram usage:        0 bytes
 Hardware stack levels used:    1
 Hardware stack levels required when called:    3
 This function calls:
		_init_clcd
 This function is called by:
		_main
 This function uses a non-reentrant model


 *************** function _init_clcd *****************
 Defined at:
		line 52 in file "clcd.c"
 Parameters:    Size  Location     Type
		None
 Auto vars:     Size  Location     Type
		None
 Return value:  Size  Location     Type
                  1    wreg      void 
 Registers used:
		wreg, status,2, status,0, pclath, cstack
 Tracked objects:
		On entry : 
		On exit  : 
		Unchanged: 
 Data sizes:     COMMON   BANK0   BANK1   BANK3   BANK2
      Params:         0       0       0       0       0
      Locals:         0       0       0       0       0
      Temps:          0       0       0       0       0
      Totals:         0       0       0       0       0
Total ram usage:        0 bytes
 Hardware stack levels used:    1
 Hardware stack levels required when called:    2
 This function calls:
		_init_display_controller
 This function is called by:
		_init_config
 This function uses a non-reentrant model


 *************** function _init_display_controller *****************
 Defined at:
		line 29 in file "clcd.c"
 Parameters:    Size  Location     Type
		None
 Auto vars:     Size  Location     Type
		None
 Return value:  Size  Location     Type
                  1    wreg      void 
 Registers used:
		wreg, status,2, status,0, pclath, cstack
 Tracked objects:
		On entry : 
		On exit  : 
		Unchanged: 
 Data sizes:     COMMON   BANK0   BANK1   BANK3   BANK2
      Params:         0       0       0       0       0
      Locals:         0       0       0       0       0
      Temps:          2       0       0       0       0
      Totals:         2       0       0       0       0
Total ram usage:        2 bytes
 Hardware stack levels used:    1
 Hardware stack levels required when called:    1
 This function calls:
		_clcd_write
 This function is called by:
		_init_clcd
 This function uses a non-reentrant model


 *************** function _clcd_print *****************
 Defined at:
		line 70 in file "clcd.c"
 Parameters:    Size  Location     Type
  str             2    4[COMMON] PTR const unsigned char 
		 -> STR_1(16), main@message(13), 
  addr            1    6[COMMON] unsigned char 
 Auto vars:     Size  Location     Type
		None
 Return value:  Size  Location     Type
                  1    wreg      void 
 Registers used:
		wreg, fsr0l, fsr0h, status,2, status,0, btemp+1, pclath, cstack
 Tracked objects:
		On entry : 
		On exit  : 
		Unchanged: 
 Data sizes:     COMMON   BANK0   BANK1   BANK3   BANK2
      Params:         3       0       0       0       0
      Locals:         0       0       0       0       0
      Temps:          0       0       0       0       0
      Totals:         3       0       0       0       0
Total ram usage:        3 bytes
 Hardware stack levels used:    1
 Hardware stack levels required when called:    1
 This function calls:
		_clcd_write
 This function is called by:
		_main
 This function uses a non-reentrant model


 *************** function _clcd_write *****************
 Defined at:
		line 12 in file "clcd.c"
 Parameters:    Size  Location     Type
  byte            1    wreg     unsigned char 
  mode            1    0[COMMON] unsigned char 
 Auto vars:     Size  Location     Type
  byte            1    3[COMMON] unsigned char 
 Return value:  Size  Location     Type
                  1    wreg      void 
 Registers used:
		wreg, status,2, status,0
 Tracked objects:
		On entry : 
		On exit  : 
		Unchanged: 
 Data sizes:     COMMON   BANK0   BANK1   BANK3   BANK2
      Params:         1       0       0       0       0
      Locals:         1       0       0       0       0
      Temps:          2       0       0       0       0
      Totals:         4       0       0       0       0
Total ram usage:        4 bytes
 Hardware stack levels used:    1
 This function calls:
		Nothing
 This function is called by:
		_init_display_controller
		_clcd_print
		_clcd_putch
 This function uses a non-reentrant model



MODULE INFORMATION

Module		Function		Class		Link	Load	Size
shared
		__stringtab    		STRING         	0003	0000	17
		__initialization		CODE           	07EE	0000	15

shared estimated size: 32

clcd.c
		_clcd_write    		CODE           	06E4	0000	55
		_clcd_print    		CODE           	06B5	0000	48
		_init_display_controller		CODE           	071A	0000	100
		_init_clcd     		CODE           	068A	0000	12

clcd.c estimated size: 215

main.c
		_main          		CODE           	077D	0000	114
		_init_config   		CODE           	0684	0000	7

main.c estimated size: 121

