Microchip MPLAB XC8 Compiler V2.20

Linker command line:

-W-3 --edf=/opt/microchip/xc8/v2.20/pic/dat/en_msgs.txt -cn \
  -h+dist/default/production/A12.X.production.sym \
  --cmf=dist/default/production/A12.X.production.cmf -z -Q16F877A \
  -o/tmp/xcXpEggEc --defsym=__MPLAB_BUILD=1 \
  -Mdist/default/production/A12.X.production.map -E1 -ver=XC8 Compiler \
  -ASTACK=0110h-016Fh -pstack=STACK -ACODE=00h-07FFhx4 -ASTRCODE=00h-01FFFh \
  -ASTRING=00h-0FFhx32 -ACONST=00h-0FFhx32 -AENTRY=00h-0FFhx32 \
  -ACOMMON=070h-07Fh -ABANK0=020h-06Fh -ABANK1=0A0h-0EFh \
  -ABANK2=0110h-016Fh -ABANK3=0190h-01EFh \
  -ARAM=020h-06Fh,0A0h-0EFh,0110h-016Fh,0190h-01EFh \
  -AABS1=020h-07Fh,0A0h-0EFh,0110h-016Fh,0190h-01EFh -ASFR0=00h-01Fh \
  -ASFR1=080h-09Fh -ASFR2=0100h-010Fh -ASFR3=0180h-018Fh \
  -ACONFIG=02007h-02007h -DCONFIG=2 -AIDLOC=02000h-02003h -DIDLOC=2 \
  -preset_vec=00h,intentry=04h,init,end_init -ppowerup=CODE -pcinit=CODE \
  -pfunctab=ENTRY -AEEDATA=00h-0FFh/02100h -peeprom_data=EEDATA -DEEDATA=2 \
  -DCODE=2 -DSTRCODE=2 -DSTRING=2 -DCONST=2 -DENTRY=2 -k /tmp/xcXHeGanE.o \
  dist/default/production/A12.X.production.o 

Object code version is 3.11

Machine type is 16F877A



                Name                               Link     Load   Length Selector   Space Scale
/tmp/xcXHeGanE.o
                end_init                             10       10        3        8       0
                reset_vec                             0        0        3        0       0
                config                             2007     2007        1        0       4
dist/default/production/A12.X.production.o
                cinit                                13       13       1A        8       0
                intentry                              4        4        C        8       0
                config                             2007     2007        1        0       4
                text13                              2C5      2C5       59        8       0
                text12                              3EE      3EE       32      6E8       0
                text11                              3B1      3B1       3D      6E8       0
                text10                              420      420       30      6E8       0
                text9                               488      488       13      6E8       0
                text8                               374      374       3D      6E8       0
                text7                               246      246       7F        8       0
                text6                               4D2      4D2        9      6E8       0
                text5                               4AC      4AC       10      6E8       0
                text4                               4C9      4C9        9      6E8       0
                text3                               471      471       17      6E8       0
                text2                               1C2      1C2       84        8       0
                text1                               450      450       21      6E8       0
                maintext                             2D       2D      195        8       0
                cstackBANK0                          32       32       10       20       1
                cstackCOMMON                         70       70        B       70       1
                clrtext                             4DB      4DB        8      6E8       0
                inittext                            49B      49B       11      6E8       0
                dataBANK0                            42       42        D       20       1
                bssBANK0                             20       20       12       20       1
                bssCOMMON                            7B       7B        2       70       1
                strings                             31E      31E       56      63C       0
                idataBANK0                          4BC      4BC        D      6E8       0

TOTAL           Name                               Link     Load   Length     Space
        CLASS   STACK          

        CLASS   CODE           
                end_init                             10       10        3         0
                cinit                                13       13       1A         0
                intentry                              4        4        C         0
                reset_vec                             0        0        3         0
                text13                              2C5      2C5       59         0
                text12                              3EE      3EE       32         0
                text11                              3B1      3B1       3D         0
                text10                              420      420       30         0
                text9                               488      488       13         0
                text8                               374      374       3D         0
                text7                               246      246       7F         0
                text6                               4D2      4D2        9         0
                text5                               4AC      4AC       10         0
                text4                               4C9      4C9        9         0
                text3                               471      471       17         0
                text2                               1C2      1C2       84         0
                text1                               450      450       21         0
                maintext                             2D       2D      195         0
                clrtext                             4DB      4DB        8         0
                inittext                            49B      49B       11         0
                idataBANK0                          4BC      4BC        D         0

        CLASS   STRCODE        

        CLASS   STRING         
                strings                             31E      31E       56         0

        CLASS   CONST          

        CLASS   ENTRY          

        CLASS   COMMON         
                cstackCOMMON                         70       70        B         1
                bssCOMMON                            7B       7B        2         1

        CLASS   BANK0          
                cstackBANK0                          32       32       10         1
                dataBANK0                            42       42        D         1
                bssBANK0                             20       20       12         1

        CLASS   BANK1          

        CLASS   BANK2          

        CLASS   BANK3          

        CLASS   RAM            

        CLASS   ABS1           
                abs_s1                               7E       7E        2         1

        CLASS   SFR0           

        CLASS   SFR1           

        CLASS   SFR2           

        CLASS   SFR3           

        CLASS   CONFIG         
                config                             2007     2007        1         4

        CLASS   IDLOC          

        CLASS   EEDATA         



SEGMENTS        Name                           Load    Length   Top    Selector   Space  Class     Delta

                strings                        00031E  000056  000374       63C       0  STRING      2
                reset_vec                      000000  000003  000003         0       0  CODE        2
                bssBANK0                       000020  00002F  00004F        20       1  BANK0       1
                text8                          000374  00016F  0004E3       6E8       0  CODE        2
                cstackCOMMON                   000070  00000D  00007D        70       1  COMMON      1
                intentry                       000004  00031A  00031E         8       0  CODE        2


UNUSED ADDRESS RANGES

        Name                Unused          Largest block    Delta
        BANK0            004F-006F             21           1
        BANK1            00A0-00EF             50           1
        BANK2            0110-016F             60           1
        BANK3            0190-01EF             60           1
        CODE             0003-0003              1           2
                         04E3-1FFF            800
        COMMON           007D-007D              1           1
        CONST            0003-0003              1           2
                         04E3-1FFF            100
        EEDATA           2100-21FF            100           2
        ENTRY            0003-0003              1           2
                         04E3-1FFF            100
        IDLOC            2000-2003              4           2
        RAM              004F-006F             21           1
                         00A0-00EF             50
                         0110-016F             60
                         0190-01EF             60
        SFR0             0000-001F             20           1
        SFR1             0080-009F             20           1
        SFR2             0100-010F             10           1
        SFR3             0180-018F             10           1
        STACK            0110-016F             60           1
        STRCODE          0003-0003              1           2
                         04E3-1FFF           1B1D
        STRING           0003-0003              1           2
                         04E3-1FFF            100

                                  Symbol Table

?___awdiv                         cstackCOMMON 0070
_GIE                              (abs)        005F
_PORTB                            (abs)        0006
_PORTD                            (abs)        0008
_PSA                              (abs)        040B
_RB0                              (abs)        0030
_RB1                              (abs)        0031
_RB2                              (abs)        0032
_RB7                              (abs)        0037
_RD0                              (abs)        0040
_RD1                              (abs)        0041
_RD2                              (abs)        0042
_RD3                              (abs)        0043
_RE1                              (abs)        0049
_RE2                              (abs)        004A
_T0CS                             (abs)        040D
_TMR0                             (abs)        0001
_TMR0IE                           (abs)        005D
_TMR0IF                           (abs)        005A
_TRISB                            (abs)        0086
_TRISB7                           (abs)        0437
_TRISD                            (abs)        0088
_TRISE1                           (abs)        0449
_TRISE2                           (abs)        044A
__Habs1                           abs1         0000
__Hbank0                          bank0        0000
__Hbank1                          bank1        0000
__Hbank2                          bank2        0000
__Hbank3                          bank3        0000
__HbssBANK0                       bssBANK0     0000
__HbssCOMMON                      bssCOMMON    0000
__Hcinit                          cinit        002D
__Hclrtext                        clrtext      0000
__Hcode                           code         0000
__Hcommon                         common       0000
__Hconfig                         config       2008
__HcstackBANK0                    cstackBANK0  0000
__HcstackCOMMON                   cstackCOMMON 0000
__HdataBANK0                      dataBANK0    0000
__Heeprom_data                    eeprom_data  0000
__Hend_init                       end_init     0013
__Hfunctab                        functab      0000
__HidataBANK0                     idataBANK0   0000
__Hinit                           init         0010
__Hinittext                       inittext     0000
__Hintentry                       intentry     0010
__Hmaintext                       maintext     0000
__Hpowerup                        powerup      0000
__Hram                            ram          0000
__Hreset_vec                      reset_vec    0003
__Hsfr0                           sfr0         0000
__Hsfr1                           sfr1         0000
__Hsfr2                           sfr2         0000
__Hsfr3                           sfr3         0000
__Hspace_0                        (abs)        04E3
__Hspace_1                        (abs)        007D
__Hspace_2                        (abs)        0000
__Hspace_3                        (abs)        0000
__Hspace_4                        (abs)        400F
__Hstack                          stack        0000
__Hstrings                        strings      0000
__Htext                           text         0000
__Labs1                           abs1         0000
__Lbank0                          bank0        0000
__Lbank1                          bank1        0000
__Lbank2                          bank2        0000
__Lbank3                          bank3        0000
__LbssBANK0                       bssBANK0     0000
__LbssCOMMON                      bssCOMMON    0000
__Lcinit                          cinit        0013
__Lclrtext                        clrtext      0000
__Lcode                           code         0000
__Lcommon                         common       0000
__Lconfig                         config       0000
__LcstackBANK0                    cstackBANK0  0000
__LcstackCOMMON                   cstackCOMMON 0000
__LdataBANK0                      dataBANK0    0000
__Leeprom_data                    eeprom_data  0000
__Lend_init                       end_init     0010
__Lfunctab                        functab      0000
__LidataBANK0                     idataBANK0   0000
__Linit                           init         0010
__Linittext                       inittext     0000
__Lintentry                       intentry     0004
__Lmaintext                       maintext     0000
__Lpowerup                        powerup      0000
__Lram                            ram          0000
__Lreset_vec                      reset_vec    0000
__Lsfr0                           sfr0         0000
__Lsfr1                           sfr1         0000
__Lsfr2                           sfr2         0000
__Lsfr3                           sfr3         0000
__Lspace_0                        (abs)        0000
__Lspace_1                        (abs)        0000
__Lspace_2                        (abs)        0000
__Lspace_3                        (abs)        0000
__Lspace_4                        (abs)        0000
__Lstack                          stack        0000
__Lstrings                        strings      0000
__Ltext                           text         0000
__S0                              (abs)        04E3
__S1                              (abs)        007D
__S2                              (abs)        0000
__S3                              (abs)        0000
___awdiv                          text13       02C5
___awdiv@counter                  cstackCOMMON 0074
___awdiv@dividend                 cstackCOMMON 0072
___awdiv@divisor                  cstackCOMMON 0070
___awdiv@quotient                 cstackCOMMON 0076
___awdiv@sign                     cstackCOMMON 0075
___int_sp                         stack        0000
___latbits                        (abs)        0002
___sp                             stack        0000
___stackhi                        (abs)        0000
___stacklo                        (abs)        0000
__end_of___awdiv                  text13       031E
__end_of__initialization          cinit        0029
__end_of__stringtab               strings      032E
__end_of_clcd_print               text10       0450
__end_of_clcd_putch               text9        049B
__end_of_clcd_write               text11       03EE
__end_of_clcd_write@main$F74      text8        03B1
__end_of_init_clcd                text6        04DB
__end_of_init_config              text3        0488
__end_of_init_display_controller  text7        02C5
__end_of_init_matrix_keypad       text5        04BC
__end_of_init_timer0              text4        04D2
__end_of_isr                      text12       0420
__end_of_main                     maintext     01C2
__end_of_read_matrix_keypad       text1        0471
__end_of_scan_keypad              text2        0246
__initialization                  cinit        0013
__pbssBANK0                       bssBANK0     0020
__pbssCOMMON                      bssCOMMON    007B
__pcstackBANK0                    cstackBANK0  0032
__pcstackCOMMON                   cstackCOMMON 0070
__pdataBANK0                      dataBANK0    0042
__pidataBANK0                     idataBANK0   04BC
__pintentry                       intentry     0004
__pmaintext                       maintext     002D
__pstrings                        strings      031E
__ptext1                          text1        0450
__ptext10                         text10       0420
__ptext11                         text11       03B1
__ptext12                         text12       03EE
__ptext13                         text13       02C5
__ptext2                          text2        01C2
__ptext3                          text3        0471
__ptext4                          text4        04C9
__ptext5                          text5        04AC
__ptext6                          text6        04D2
__ptext7                          text7        0246
__ptext8                          text8        0374
__ptext9                          text9        0488
__size_of___awdiv                 (abs)        0000
__size_of_clcd_print              (abs)        0000
__size_of_clcd_putch              (abs)        0000
__size_of_clcd_write              (abs)        0000
__size_of_clcd_write@main$F74     (abs)        0000
__size_of_init_clcd               (abs)        0000
__size_of_init_config             (abs)        0000
__size_of_init_display_controller (abs)        0000
__size_of_init_matrix_keypad      (abs)        0000
__size_of_init_timer0             (abs)        0000
__size_of_isr                     (abs)        0000
__size_of_main                    (abs)        0000
__size_of_read_matrix_keypad      (abs)        0000
__size_of_scan_keypad             (abs)        0000
__stringbase                      strings      032D
__stringtab                       strings      031E
_clcd_print                       text10       0420
_clcd_putch                       text9        0488
_clcd_write                       text11       03B1
_clcd_write@main$F74              text8        0374
_init_clcd                        text6        04D2
_init_config                      text3        0471
_init_display_controller          text7        0246
_init_matrix_keypad               text5        04AC
_init_timer0                      text4        04C9
_isr                              text12       03EE
_main                             maintext     002D
_nRBPU                            (abs)        040F
_read_matrix_keypad               text1        0450
_scan_keypad                      text2        01C2
_sigma                            bssBANK0     0030
btemp                             (abs)        007E
clcd_print@addr                   cstackBANK0  0038
clcd_print@str                    cstackBANK0  0036
clcd_putch@addr                   cstackBANK0  0036
clcd_putch@data                   cstackBANK0  0037
clcd_write@byte                   cstackBANK0  0035
clcd_write@main$F74@byte          cstackBANK0  0035
clcd_write@main$F74@mode          cstackBANK0  0032
clcd_write@mode                   cstackBANK0  0032
clear_ram0                        clrtext      04DB
end_of_initialization             cinit        0029
init_fetch0                       inittext     049B
init_ram0                         inittext     049F
interrupt_function                intentry     0004
intlevel0                         functab      0000
intlevel1                         functab      0000
intlevel2                         functab      0000
intlevel3                         functab      0000
intlevel4                         functab      0000
intlevel5                         functab      0000
isr@count                         bssCOMMON    007B
main@F875                         dataBANK0    004A
main@arr                          dataBANK0    0042
main@attempt                      bssBANK0     0028
main@count                        bssBANK0     002C
main@count1                       bssBANK0     002A
main@flag1                        bssBANK0     002E
main@i                            cstackBANK0  003D
main@key                          cstackBANK0  0041
main@once                         dataBANK0    004C
main@ptr                          cstackBANK0  003B
main@pwd                          bssBANK0     0020
read_matrix_keypad@key            cstackBANK0  0035
read_matrix_keypad@mode           cstackBANK0  0034
read_matrix_keypad@once           dataBANK0    004E
reset_vec                         reset_vec    0000
saved_w                           (abs)        007E
scan_keypad@i                     cstackBANK0  0032
start                             init         0010
start_initialization              cinit        0013
wtemp0                            (abs)        007E


FUNCTION INFORMATION:

 *************** function _main *****************
 Defined at:
		line 36 in file "main.c"
 Parameters:    Size  Location     Type
		None
 Auto vars:     Size  Location     Type
  i               4   11[BANK0 ] unsigned long 
  ptr             2    9[BANK0 ] unsigned char [2]
  key             1   15[BANK0 ] unsigned char 
  cur_key         1    0        unsigned char 
 Return value:  Size  Location     Type
                  1    wreg      void 
 Registers used:
		wreg, fsr0l, fsr0h, status,2, status,0, btemp+1, pclath, cstack
 Tracked objects:
		On entry : 
		On exit  : 
		Unchanged: 
 Data sizes:     COMMON   BANK0   BANK1   BANK3   BANK2
      Params:         0       0       0       0       0
      Locals:         0       8       0       0       0
      Temps:          0       1       0       0       0
      Totals:         0       9       0       0       0
Total ram usage:        9 bytes
 Hardware stack levels required when called:    6
 This function calls:
		_clcd_print
		_clcd_putch
		_clcd_write@main$F74
		_init_config
		_read_matrix_keypad
 This function is called by:
		Startup code after reset
 This function uses a non-reentrant model


 *************** function _read_matrix_keypad *****************
 Defined at:
		line 111 in file "matrix_keypad.c"
 Parameters:    Size  Location     Type
  mode            1    wreg     unsigned char 
 Auto vars:     Size  Location     Type
  mode            1    2[BANK0 ] unsigned char 
  key             1    3[BANK0 ] unsigned char 
 Return value:  Size  Location     Type
                  1    wreg      unsigned char 
 Registers used:
		wreg, status,2, status,0, btemp+1, pclath, cstack
 Tracked objects:
		On entry : 
		On exit  : 
		Unchanged: 
 Data sizes:     COMMON   BANK0   BANK1   BANK3   BANK2
      Params:         0       0       0       0       0
      Locals:         0       2       0       0       0
      Temps:          0       0       0       0       0
      Totals:         0       2       0       0       0
Total ram usage:        2 bytes
 Hardware stack levels used:    1
 Hardware stack levels required when called:    3
 This function calls:
		_scan_keypad
 This function is called by:
		_main
 This function uses a non-reentrant model


 *************** function _scan_keypad *****************
 Defined at:
		line 24 in file "matrix_keypad.c"
 Parameters:    Size  Location     Type
		None
 Auto vars:     Size  Location     Type
  i               2    0[BANK0 ] int 
 Return value:  Size  Location     Type
                  1    wreg      unsigned char 
 Registers used:
		wreg, status,2, status,0
 Tracked objects:
		On entry : 
		On exit  : 
		Unchanged: 
 Data sizes:     COMMON   BANK0   BANK1   BANK3   BANK2
      Params:         0       0       0       0       0
      Locals:         0       2       0       0       0
      Temps:          0       0       0       0       0
      Totals:         0       2       0       0       0
Total ram usage:        2 bytes
 Hardware stack levels used:    1
 Hardware stack levels required when called:    2
 This function calls:
		Nothing
 This function is called by:
		_read_matrix_keypad
 This function uses a non-reentrant model


 *************** function _init_config *****************
 Defined at:
		line 26 in file "main.c"
 Parameters:    Size  Location     Type
		None
 Auto vars:     Size  Location     Type
		None
 Return value:  Size  Location     Type
                  1    wreg      void 
 Registers used:
		wreg, status,2, status,0, pclath, cstack
 Tracked objects:
		On entry : 
		On exit  : 
		Unchanged: 
 Data sizes:     COMMON   BANK0   BANK1   BANK3   BANK2
      Params:         0       0       0       0       0
      Locals:         0       0       0       0       0
      Temps:          0       0       0       0       0
      Totals:         0       0       0       0       0
Total ram usage:        0 bytes
 Hardware stack levels used:    1
 Hardware stack levels required when called:    5
 This function calls:
		_init_clcd
		_init_matrix_keypad
		_init_timer0
 This function is called by:
		_main
 This function uses a non-reentrant model


 *************** function _init_timer0 *****************
 Defined at:
		line 3 in file "timers.c"
 Parameters:    Size  Location     Type
		None
 Auto vars:     Size  Location     Type
		None
 Return value:  Size  Location     Type
                  1    wreg      void 
 Registers used:
		wreg
 Tracked objects:
		On entry : 
		On exit  : 
		Unchanged: 
 Data sizes:     COMMON   BANK0   BANK1   BANK3   BANK2
      Params:         0       0       0       0       0
      Locals:         0       0       0       0       0
      Temps:          0       0       0       0       0
      Totals:         0       0       0       0       0
Total ram usage:        0 bytes
 Hardware stack levels used:    1
 Hardware stack levels required when called:    2
 This function calls:
		Nothing
 This function is called by:
		_init_config
 This function uses a non-reentrant model


 *************** function _init_matrix_keypad *****************
 Defined at:
		line 4 in file "matrix_keypad.c"
 Parameters:    Size  Location     Type
		None
 Auto vars:     Size  Location     Type
		None
 Return value:  Size  Location     Type
                  1    wreg      void 
 Registers used:
		wreg, status,2
 Tracked objects:
		On entry : 
		On exit  : 
		Unchanged: 
 Data sizes:     COMMON   BANK0   BANK1   BANK3   BANK2
      Params:         0       0       0       0       0
      Locals:         0       0       0       0       0
      Temps:          0       0       0       0       0
      Totals:         0       0       0       0       0
Total ram usage:        0 bytes
 Hardware stack levels used:    1
 Hardware stack levels required when called:    2
 This function calls:
		Nothing
 This function is called by:
		_init_config
 This function uses a non-reentrant model


 *************** function _init_clcd *****************
 Defined at:
		line 45 in file "clcd.c"
 Parameters:    Size  Location     Type
		None
 Auto vars:     Size  Location     Type
		None
 Return value:  Size  Location     Type
                  1    wreg      void 
 Registers used:
		wreg, status,2, status,0, pclath, cstack
 Tracked objects:
		On entry : 
		On exit  : 
		Unchanged: 
 Data sizes:     COMMON   BANK0   BANK1   BANK3   BANK2
      Params:         0       0       0       0       0
      Locals:         0       0       0       0       0
      Temps:          0       0       0       0       0
      Totals:         0       0       0       0       0
Total ram usage:        0 bytes
 Hardware stack levels used:    1
 Hardware stack levels required when called:    4
 This function calls:
		_init_display_controller
 This function is called by:
		_init_config
 This function uses a non-reentrant model


 *************** function _init_display_controller *****************
 Defined at:
		line 21 in file "clcd.c"
 Parameters:    Size  Location     Type
		None
 Auto vars:     Size  Location     Type
		None
 Return value:  Size  Location     Type
                  1    wreg      void 
 Registers used:
		wreg, status,2, status,0, pclath, cstack
 Tracked objects:
		On entry : 
		On exit  : 
		Unchanged: 
 Data sizes:     COMMON   BANK0   BANK1   BANK3   BANK2
      Params:         0       0       0       0       0
      Locals:         0       0       0       0       0
      Temps:          0       2       0       0       0
      Totals:         0       2       0       0       0
Total ram usage:        2 bytes
 Hardware stack levels used:    1
 Hardware stack levels required when called:    3
 This function calls:
		_clcd_write
 This function is called by:
		_init_clcd
 This function uses a non-reentrant model


 *************** function _clcd_write@main$F74 *****************
 Defined at:
		line 9 in file "main.c"
 Parameters:    Size  Location     Type
  byte            1    wreg     unsigned char 
  mode            1    0[BANK0 ] unsigned char 
 Auto vars:     Size  Location     Type
  byte            1    3[BANK0 ] unsigned char 
 Return value:  Size  Location     Type
                  1    wreg      void 
 Registers used:
		wreg, status,2, status,0
 Tracked objects:
		On entry : 
		On exit  : 
		Unchanged: 
 Data sizes:     COMMON   BANK0   BANK1   BANK3   BANK2
      Params:         0       1       0       0       0
      Locals:         0       1       0       0       0
      Temps:          0       2       0       0       0
      Totals:         0       4       0       0       0
Total ram usage:        4 bytes
 Hardware stack levels used:    1
 Hardware stack levels required when called:    2
 This function calls:
		Nothing
 This function is called by:
		_main
 This function uses a non-reentrant model


 *************** function _clcd_putch *****************
 Defined at:
		line 57 in file "clcd.c"
 Parameters:    Size  Location     Type
  data            1    wreg     const unsigned char 
  addr            1    4[BANK0 ] unsigned char 
 Auto vars:     Size  Location     Type
  data            1    5[BANK0 ] const unsigned char 
 Return value:  Size  Location     Type
                  1    wreg      void 
 Registers used:
		wreg, status,2, status,0, pclath, cstack
 Tracked objects:
		On entry : 
		On exit  : 
		Unchanged: 
 Data sizes:     COMMON   BANK0   BANK1   BANK3   BANK2
      Params:         0       1       0       0       0
      Locals:         0       1       0       0       0
      Temps:          0       0       0       0       0
      Totals:         0       2       0       0       0
Total ram usage:        2 bytes
 Hardware stack levels used:    1
 Hardware stack levels required when called:    3
 This function calls:
		_clcd_write
 This function is called by:
		_main
 This function uses a non-reentrant model


 *************** function _clcd_print *****************
 Defined at:
		line 63 in file "clcd.c"
 Parameters:    Size  Location     Type
  str             2    4[BANK0 ] PTR const unsigned char 
		 -> STR_6(15), STR_5(8), STR_4(8), STR_3(8), 
		 -> STR_2(17), STR_1(14), main@ptr(2), 
  addr            1    6[BANK0 ] unsigned char 
 Auto vars:     Size  Location     Type
		None
 Return value:  Size  Location     Type
                  1    wreg      void 
 Registers used:
		wreg, fsr0l, fsr0h, status,2, status,0, btemp+1, pclath, cstack
 Tracked objects:
		On entry : 
		On exit  : 
		Unchanged: 
 Data sizes:     COMMON   BANK0   BANK1   BANK3   BANK2
      Params:         0       3       0       0       0
      Locals:         0       0       0       0       0
      Temps:          0       0       0       0       0
      Totals:         0       3       0       0       0
Total ram usage:        3 bytes
 Hardware stack levels used:    1
 Hardware stack levels required when called:    3
 This function calls:
		_clcd_write
 This function is called by:
		_main
 This function uses a non-reentrant model


 *************** function _clcd_write *****************
 Defined at:
		line 4 in file "clcd.c"
 Parameters:    Size  Location     Type
  byte            1    wreg     unsigned char 
  mode            1    0[BANK0 ] unsigned char 
 Auto vars:     Size  Location     Type
  byte            1    3[BANK0 ] unsigned char 
 Return value:  Size  Location     Type
                  1    wreg      void 
 Registers used:
		wreg, status,2, status,0
 Tracked objects:
		On entry : 
		On exit  : 
		Unchanged: 
 Data sizes:     COMMON   BANK0   BANK1   BANK3   BANK2
      Params:         0       1       0       0       0
      Locals:         0       1       0       0       0
      Temps:          0       2       0       0       0
      Totals:         0       4       0       0       0
Total ram usage:        4 bytes
 Hardware stack levels used:    1
 Hardware stack levels required when called:    2
 This function calls:
		Nothing
 This function is called by:
		_init_display_controller
		_clcd_putch
		_clcd_print
 This function uses a non-reentrant model


 *************** function _isr *****************
 Defined at:
		line 4 in file "isr.c"
 Parameters:    Size  Location     Type
		None
 Auto vars:     Size  Location     Type
		None
 Return value:  Size  Location     Type
                  1    wreg      void 
 Registers used:
		wreg, status,2, status,0, btemp+1, pclath, cstack
 Tracked objects:
		On entry : 
		On exit  : 
		Unchanged: 
 Data sizes:     COMMON   BANK0   BANK1   BANK3   BANK2
      Params:         0       0       0       0       0
      Locals:         0       0       0       0       0
      Temps:          3       0       0       0       0
      Totals:         3       0       0       0       0
Total ram usage:        3 bytes
 Hardware stack levels used:    1
 Hardware stack levels required when called:    1
 This function calls:
		___awdiv
 This function is called by:
		Interrupt level 1
 This function uses a non-reentrant model


 *************** function ___awdiv *****************
 Defined at:
		line 5 in file "/opt/microchip/xc8/v2.20/pic/sources/c90/common/awdiv.c"
 Parameters:    Size  Location     Type
  divisor         2    0[COMMON] int 
  dividend        2    2[COMMON] int 
 Auto vars:     Size  Location     Type
  quotient        2    6[COMMON] int 
  sign            1    5[COMMON] unsigned char 
  counter         1    4[COMMON] unsigned char 
 Return value:  Size  Location     Type
                  2    0[COMMON] int 
 Registers used:
		wreg, status,2, status,0, btemp+1
 Tracked objects:
		On entry : 
		On exit  : 
		Unchanged: 
 Data sizes:     COMMON   BANK0   BANK1   BANK3   BANK2
      Params:         4       0       0       0       0
      Locals:         4       0       0       0       0
      Temps:          0       0       0       0       0
      Totals:         8       0       0       0       0
Total ram usage:        8 bytes
 Hardware stack levels used:    1
 This function calls:
		Nothing
 This function is called by:
		_isr
 This function uses a non-reentrant model



MODULE INFORMATION

Module		Function		Class		Link	Load	Size
timers.c
		_init_timer0   		CODE           	04C9	0000	10

timers.c estimated size: 10

matrix_keypad.c
		_init_matrix_keypad		CODE           	04AC	0000	17
		_read_matrix_keypad		CODE           	0450	0000	34
		_scan_keypad   		CODE           	01C2	0000	133

matrix_keypad.c estimated size: 184

/opt/microchip/xc8/v2.20/pic/sources/c90/common/awdiv.c
		___awdiv       		CODE           	02C5	0000	90

/opt/microchip/xc8/v2.20/pic/sources/c90/common/awdiv.c estimated size: 90

isr.c
		_isr           		CODE           	03EE	0000	51

isr.c estimated size: 51

shared
		__stringtab    		STRING         	031E	0000	17
		__initialization		CODE           	0013	0000	23

shared estimated size: 40

clcd.c
		_clcd_write    		CODE           	03B1	0000	62
		_clcd_print    		CODE           	0420	0000	49
		_clcd_putch    		CODE           	0488	0000	20
		_init_display_controller		CODE           	0246	0000	128
		_init_clcd     		CODE           	04D2	0000	10

clcd.c estimated size: 269

main.c
		_main          		CODE           	002D	0000	406
		_init_config   		CODE           	0471	0000	24
		_clcd_write@main$F74		CODE           	0374	0000	62

main.c estimated size: 492

